Archive member included to satisfy reference by file (symbol)

C:\Users\user\Documents\MCUXpressoIDE_10.0.2_411\workspace\lpc_board_ea_devkit_4088\Debug\liblpc_board_ea_devkit_4088.a(board.o)
                              ./example/src/cdc_main.o (Board_Init)
C:\Users\user\Documents\MCUXpressoIDE_10.0.2_411\workspace\lpc_board_ea_devkit_4088\Debug\liblpc_board_ea_devkit_4088.a(board_sysinit.o)
                              ./example/src/sysinit.o (Board_SystemInit)
C:\Users\user\Documents\MCUXpressoIDE_10.0.2_411\workspace\lpc_board_ea_devkit_4088\Debug\liblpc_board_ea_devkit_4088.a(uda1380.o)
                              C:\Users\user\Documents\MCUXpressoIDE_10.0.2_411\workspace\lpc_board_ea_devkit_4088\Debug\liblpc_board_ea_devkit_4088.a(board.o) (UDA1380_Init)
C:\Users\user\Documents\MCUXpressoIDE_10.0.2_411\workspace\lpc_chip_40xx\Debug\liblpc_chip_40xx.a(chip_17xx_40xx.o)
                              ./example/src/cdc_main.o (SystemCoreClockUpdate)
C:\Users\user\Documents\MCUXpressoIDE_10.0.2_411\workspace\lpc_chip_40xx\Debug\liblpc_chip_40xx.a(clock_17xx_40xx.o)
                              C:\Users\user\Documents\MCUXpressoIDE_10.0.2_411\workspace\lpc_chip_40xx\Debug\liblpc_chip_40xx.a(chip_17xx_40xx.o) (Chip_Clock_SetupPLL)
C:\Users\user\Documents\MCUXpressoIDE_10.0.2_411\workspace\lpc_chip_40xx\Debug\liblpc_chip_40xx.a(emc_17xx_40xx.o)
                              C:\Users\user\Documents\MCUXpressoIDE_10.0.2_411\workspace\lpc_board_ea_devkit_4088\Debug\liblpc_board_ea_devkit_4088.a(board_sysinit.o) (Chip_EMC_Dynamic_Init)
C:\Users\user\Documents\MCUXpressoIDE_10.0.2_411\workspace\lpc_chip_40xx\Debug\liblpc_chip_40xx.a(fpu_init.o)
                              ./example/src/sysinit.o (fpuInit)
C:\Users\user\Documents\MCUXpressoIDE_10.0.2_411\workspace\lpc_chip_40xx\Debug\liblpc_chip_40xx.a(i2c_17xx_40xx.o)
                              C:\Users\user\Documents\MCUXpressoIDE_10.0.2_411\workspace\lpc_board_ea_devkit_4088\Debug\liblpc_board_ea_devkit_4088.a(uda1380.o) (Chip_I2C_EventHandlerPolling)
C:\Users\user\Documents\MCUXpressoIDE_10.0.2_411\workspace\lpc_chip_40xx\Debug\liblpc_chip_40xx.a(i2s_17xx_40xx.o)
                              C:\Users\user\Documents\MCUXpressoIDE_10.0.2_411\workspace\lpc_board_ea_devkit_4088\Debug\liblpc_board_ea_devkit_4088.a(board.o) (Chip_I2S_Init)
C:\Users\user\Documents\MCUXpressoIDE_10.0.2_411\workspace\lpc_chip_40xx\Debug\liblpc_chip_40xx.a(iocon_17xx_40xx.o)
                              C:\Users\user\Documents\MCUXpressoIDE_10.0.2_411\workspace\lpc_board_ea_devkit_4088\Debug\liblpc_board_ea_devkit_4088.a(board_sysinit.o) (Chip_IOCON_SetPinMuxing)
C:\Users\user\Documents\MCUXpressoIDE_10.0.2_411\workspace\lpc_chip_40xx\Debug\liblpc_chip_40xx.a(ssp_17xx_40xx.o)
                              C:\Users\user\Documents\MCUXpressoIDE_10.0.2_411\workspace\lpc_board_ea_devkit_4088\Debug\liblpc_board_ea_devkit_4088.a(board.o) (Chip_SSP_WriteFrames_Blocking)
C:\Users\user\Documents\MCUXpressoIDE_10.0.2_411\workspace\lpc_chip_40xx\Debug\liblpc_chip_40xx.a(stopwatch_17xx_40xx.o)
                              ./example/src/cdc_main.o (StopWatch_Init)
C:\Users\user\Documents\MCUXpressoIDE_10.0.2_411\workspace\lpc_chip_40xx\Debug\liblpc_chip_40xx.a(sysctl_17xx_40xx.o)
                              C:\Users\user\Documents\MCUXpressoIDE_10.0.2_411\workspace\lpc_board_ea_devkit_4088\Debug\liblpc_board_ea_devkit_4088.a(board_sysinit.o) (Chip_SYSCTL_PeriphReset)
C:\Users\user\Documents\MCUXpressoIDE_10.0.2_411\workspace\lpc_chip_40xx\Debug\liblpc_chip_40xx.a(sysinit_17xx_40xx.o)
                              C:\Users\user\Documents\MCUXpressoIDE_10.0.2_411\workspace\lpc_board_ea_devkit_4088\Debug\liblpc_board_ea_devkit_4088.a(board_sysinit.o) (Chip_SetupXtalClocking)
C:\Users\user\Documents\MCUXpressoIDE_10.0.2_411\workspace\lpc_chip_40xx\Debug\liblpc_chip_40xx.a(timer_17xx_40xx.o)
                              C:\Users\user\Documents\MCUXpressoIDE_10.0.2_411\workspace\lpc_chip_40xx\Debug\liblpc_chip_40xx.a(stopwatch_17xx_40xx.o) (Chip_TIMER_Init)
C:\Users\user\Documents\MCUXpressoIDE_10.0.2_411\workspace\lpc_chip_40xx\Debug\liblpc_chip_40xx.a(uart_17xx_40xx.o)
                              C:\Users\user\Documents\MCUXpressoIDE_10.0.2_411\workspace\lpc_board_ea_devkit_4088\Debug\liblpc_board_ea_devkit_4088.a(board.o) (Chip_UART_Init)
C:\Users\user\Documents\MCUXpressoIDE_10.0.2_411\workspace\lpc_chip_40xx\Debug\liblpc_chip_40xx.a(ring_buffer.o)
                              C:\Users\user\Documents\MCUXpressoIDE_10.0.2_411\workspace\lpc_chip_40xx\Debug\liblpc_chip_40xx.a(uart_17xx_40xx.o) (RingBuffer_Insert)
C:\Users\user\Documents\MCUXpressoIDE_10.0.2_411\workspace\lpc_chip_40xx\libs\libusbd_40xx_lib.a(mw_usbd_rom_api.o)
                              ./example/src/cdc_main.o (cdc_api)
C:\Users\user\Documents\MCUXpressoIDE_10.0.2_411\workspace\lpc_chip_40xx\libs\libusbd_40xx_lib.a(hw_usbd_ip3503.o)
[...]
Memory Configuration

Name             Origin             Length             Attributes
MFlash512        0x00000000         0x00080000         xr
RamLoc64         0x10000000         0x00010000         xrw
RamPeriph32      0x20000000         0x00008000         xrw
*default*        0x00000000         0xffffffff

Linker script and memory map

LOAD ./example/src/cdc_desc.o
LOAD ./example/src/cdc_main.o
LOAD ./example/src/cdc_vcom.o
LOAD ./example/src/cr_startup_lpc40xx.o
LOAD ./example/src/sysinit.o
LOAD C:\Users\user\Documents\MCUXpressoIDE_10.0.2_411\workspace\lpc_board_ea_devkit_4088\Debug\liblpc_board_ea_devkit_4088.a
LOAD C:\Users\user\Documents\MCUXpressoIDE_10.0.2_411\workspace\lpc_chip_40xx\Debug\liblpc_chip_40xx.a
LOAD C:\Users\user\Documents\MCUXpressoIDE_10.0.2_411\workspace\lpc_chip_40xx\libs\libusbd_40xx_lib.a
START GROUP
LOAD c:/nxp/mcuxpressoide_10.0.2_411/ide/tools/bin/../lib/gcc/arm-none-eabi/5.4.1/../../../../arm-none-eabi/lib/armv7e-m/softfp\libcr_nohost.a
LOAD c:/nxp/mcuxpressoide_10.0.2_411/ide/tools/bin/../lib/gcc/arm-none-eabi/5.4.1/../../../../arm-none-eabi/lib/armv7e-m/softfp\libcr_c.a
LOAD c:/nxp/mcuxpressoide_10.0.2_411/ide/tools/bin/../lib/gcc/arm-none-eabi/5.4.1/armv7e-m/softfp\libcr_eabihelpers.a
END GROUP
                0x00000000                __base_MFlash512 = 0x0
                0x00000000                __base_Flash = 0x0
                0x00080000                __top_MFlash512 = 0x80000
                0x00080000                __top_Flash = 0x80000
                0x10000000                __base_RamLoc64 = 0x10000000
                0x10000000                __base_RAM = 0x10000000
                0x10010000                __top_RamLoc64 = 0x10010000
                0x10010000                __top_RAM = 0x10010000
                0x20000000                __base_RamPeriph32 = 0x20000000
                0x20000000                __base_RAM2 = 0x20000000
                0x20008000                __top_RamPeriph32 = 0x20008000
                0x20008000                __top_RAM2 = 0x20008000

.text           0x00000000     0x569c
 FILL mask 0xff
                0x00000000                __vectors_start__ = ABSOLUTE (.)
 *(.isr_vector)
 .isr_vector    0x00000000       0xe4 ./example/src/cr_startup_lpc40xx.o
                0x00000000                g_pfnVectors
                0x000000e4                . = ALIGN (0x4)
                0x000000e4                __section_table_start = .
                0x000000e4                __data_section_table = .
                0x000000e4        0x4 LONG 0x569c LOADADDR (.data)
                0x000000e8        0x4 LONG 0x10000000 ADDR (.data)
                0x000000ec        0x4 LONG 0x50 SIZEOF (.data)
                0x000000f0        0x4 LONG 0x569c LOADADDR (.data_RAM2)
                0x000000f4        0x4 LONG 0x20000000 ADDR (.data_RAM2)
                0x000000f8        0x4 LONG 0x0 SIZEOF (.data_RAM2)
                0x000000fc                __data_section_table_end = .
                0x000000fc                __bss_section_table = .
                0x000000fc        0x4 LONG 0x10000050 ADDR (.bss)
                0x00000100        0x4 LONG 0x314 SIZEOF (.bss)
                0x00000104        0x4 LONG 0x20000000 ADDR (.bss_RAM2)
                0x00000108        0x4 LONG 0x0 SIZEOF (.bss_RAM2)
                0x0000010c                __bss_section_table_end = .
                0x0000010c                __section_table_end = .
 *(.after_vectors*)
 .after_vectors
                0x0000010c      0x168 ./example/src/cr_startup_lpc40xx.o
                0x0000010c                data_init
                0x00000150                bss_init
                0x00000188                ResetISR
                0x00000220                NMI_Handler
                0x00000228                HardFault_Handler
                0x00000230                MemManage_Handler
                0x00000238                BusFault_Handler
                0x00000240                UsageFault_Handler
                0x00000248                SVC_Handler
                0x00000250                DebugMon_Handler
                0x00000258                PendSV_Handler
                0x00000260                SysTick_Handler
                0x00000268                I2C1_IRQHandler
                0x00000268                EINT2_IRQHandler
                0x00000268                UART1_IRQHandler
                0x00000268                EINT3_IRQHandler
                0x00000268                CANActivity_IRQHandler
                0x00000268                TIMER3_IRQHandler
                0x00000268                UART0_IRQHandler
                0x00000268                I2C0_IRQHandler
                0x00000268                PWM1_IRQHandler
                0x00000268                IntDefaultHandler
                0x00000268                PLL0_IRQHandler
                0x00000268                CAN_IRQHandler
                0x00000268                PLL1_IRQHandler
                0x00000268                RIT_IRQHandler
                0x00000268                I2S_IRQHandler
                0x00000268                I2C2_IRQHandler
                0x00000268                RTC_IRQHandler
                0x00000268                TIMER0_IRQHandler
                0x00000268                SPI_IRQHandler
                0x00000268                LCD_IRQHandler
                0x00000268                SDIO_IRQHandler
                0x00000268                EINT1_IRQHandler
                0x00000268                TIMER1_IRQHandler
                0x00000268                UART2_IRQHandler
                0x00000268                UART4_IRQHandler
                0x00000268                ADC_IRQHandler
                0x00000268                SSP1_IRQHandler
                0x00000268                BOD_IRQHandler
                0x00000268                TIMER2_IRQHandler
                0x00000268                WDT_IRQHandler
                0x00000268                USBActivity_IRQHandler
                0x00000268                QEI_IRQHandler
                0x00000268                EINT0_IRQHandler
                0x00000268                ETH_IRQHandler
                0x00000268                PWM0_IRQHandler
                0x00000268                SSP2_IRQHandler
                0x00000268                EEPROM_IRQHandler
                0x00000268                SSP0_IRQHandler
                0x00000268                DMA_IRQHandler
                0x00000268                GPIO_IRQHandler
                0x00000268                UART3_IRQHandler
                0x00000268                MCPWM_IRQHandler
 *(.text*)
 .text.NVIC_EnableIRQ
                0x00000274       0x34 ./example/src/cdc_main.o
 .text.vcom_connected
                0x000002a8       0x1c ./example/src/cdc_main.o
 .text.usb_pin_clk_init
                0x000002c4       0x14 ./example/src/cdc_main.o
 .text.USB_IRQHandler
                0x000002d8       0x20 ./example/src/cdc_main.o
                0x000002d8                USB_IRQHandler
 .text.find_IntfDesc
                0x000002f8       0x60 ./example/src/cdc_main.o
                0x000002f8                find_IntfDesc
 .text.main     0x00000358      0x110 ./example/src/cdc_main.o
                0x00000358                main
 .text.NVIC_EnableIRQ
                0x00000468       0x34 ./example/src/cdc_vcom.o
 .text.NVIC_DisableIRQ
                0x0000049c       0x34 ./example/src/cdc_vcom.o
 .text.VCOM_bulk_in_hdlr
                0x000004d0       0x34 ./example/src/cdc_vcom.o
 .text.VCOM_bulk_out_hdlr
                0x00000504       0xe8 ./example/src/cdc_vcom.o
 .text.VCOM_SetLineCode
                0x000005ec       0x28 ./example/src/cdc_vcom.o
 .text.vcom_init
                0x00000614       0xec ./example/src/cdc_vcom.o
                0x00000614                vcom_init
 .text.vcom_bread
                0x00000700       0x8c ./example/src/cdc_vcom.o
                0x00000700                vcom_bread
 .text.vcom_write
                0x0000078c       0x74 ./example/src/cdc_vcom.o
                0x0000078c                vcom_write
 .text.SystemInit
                0x00000800       0x28 ./example/src/sysinit.o
                0x00000800                SystemInit
 .text.Chip_IOCON_Init
                0x00000828       0x18 C:\Users\user\Documents\MCUXpressoIDE_10.0.2_411\workspace\lpc_board_ea_devkit_4088\Debug\liblpc_board_ea_devkit_4088.a(board.o)
 .text.Chip_IOCON_PinMuxSet
                0x00000840       0x30 C:\Users\user\Documents\MCUXpressoIDE_10.0.2_411\workspace\lpc_board_ea_devkit_4088\Debug\liblpc_board_ea_devkit_4088.a(board.o)
 .text.Chip_IOCON_PinMux
                0x00000870       0x2c C:\Users\user\Documents\MCUXpressoIDE_10.0.2_411\workspace\lpc_board_ea_devkit_4088\Debug\liblpc_board_ea_devkit_4088.a(board.o)
 .text.Chip_GPIO_Init
                0x0000089c       0x18 C:\Users\user\Documents\MCUXpressoIDE_10.0.2_411\workspace\lpc_board_ea_devkit_4088\Debug\liblpc_board_ea_devkit_4088.a(board.o)
 .text.Chip_GPIO_SetPinState
                0x000008b4       0x6c C:\Users\user\Documents\MCUXpressoIDE_10.0.2_411\workspace\lpc_board_ea_devkit_4088\Debug\liblpc_board_ea_devkit_4088.a(board.o)
 .text.Chip_GPIO_WritePortBit
                0x00000920       0x2c C:\Users\user\Documents\MCUXpressoIDE_10.0.2_411\workspace\lpc_board_ea_devkit_4088\Debug\liblpc_board_ea_devkit_4088.a(board.o)
 .text.Chip_GPIO_SetPinDIROutput
                0x0000094c       0x3c C:\Users\user\Documents\MCUXpressoIDE_10.0.2_411\workspace\lpc_board_ea_devkit_4088\Debug\liblpc_board_ea_devkit_4088.a(board.o)
 .text.Chip_GPIO_SetPinDIRInput
                0x00000988       0x3c C:\Users\user\Documents\MCUXpressoIDE_10.0.2_411\workspace\lpc_board_ea_devkit_4088\Debug\liblpc_board_ea_devkit_4088.a(board.o)
 .text.Chip_GPIO_SetPinDIR
                0x000009c4       0x44 C:\Users\user\Documents\MCUXpressoIDE_10.0.2_411\workspace\lpc_board_ea_devkit_4088\Debug\liblpc_board_ea_devkit_4088.a(board.o)
 .text.Chip_GPIO_WriteDirBit
                0x00000a08       0x30 C:\Users\user\Documents\MCUXpressoIDE_10.0.2_411\workspace\lpc_board_ea_devkit_4088\Debug\liblpc_board_ea_devkit_4088.a(board.o)
 .text.Board_LED_Init
                0x00000a38       0x70 C:\Users\user\Documents\MCUXpressoIDE_10.0.2_411\workspace\lpc_board_ea_devkit_4088\Debug\liblpc_board_ea_devkit_4088.a(board.o)
 .text.Board_Init
                0x00000aa8       0x20 C:\Users\user\Documents\MCUXpressoIDE_10.0.2_411\workspace\lpc_board_ea_devkit_4088\Debug\liblpc_board_ea_devkit_4088.a(board.o)
                0x00000aa8                Board_Init
 .text.Board_USBD_Init
                0x00000ac8       0xa8 C:\Users\user\Documents\MCUXpressoIDE_10.0.2_411\workspace\lpc_board_ea_devkit_4088\Debug\liblpc_board_ea_devkit_4088.a(board.o)
                0x00000ac8                Board_USBD_Init
 .text.Chip_SYSCTL_EnableBoost
                0x00000b70       0x1c C:\Users\user\Documents\MCUXpressoIDE_10.0.2_411\workspace\lpc_board_ea_devkit_4088\Debug\liblpc_board_ea_devkit_4088.a(board_sysinit.o)
 .text.Chip_Clock_SetEMCClockDiv
                0x00000b8c       0x24 C:\Users\user\Documents\MCUXpressoIDE_10.0.2_411\workspace\lpc_board_ea_devkit_4088\Debug\liblpc_board_ea_devkit_4088.a(board_sysinit.o)
 .text.Chip_IOCON_PinMuxSet
                0x00000bb0       0x30 C:\Users\user\Documents\MCUXpressoIDE_10.0.2_411\workspace\lpc_board_ea_devkit_4088\Debug\liblpc_board_ea_devkit_4088.a(board_sysinit.o)
 .text.Board_SetupMuxing
                0x00000be0       0x84 C:\Users\user\Documents\MCUXpressoIDE_10.0.2_411\workspace\lpc_board_ea_devkit_4088\Debug\liblpc_board_ea_devkit_4088.a(board_sysinit.o)
                0x00000be0                Board_SetupMuxing
 .text.Board_SetupClocking
                0x00000c64       0x1c C:\Users\user\Documents\MCUXpressoIDE_10.0.2_411\workspace\lpc_board_ea_devkit_4088\Debug\liblpc_board_ea_devkit_4088.a(board_sysinit.o)
                0x00000c64                Board_SetupClocking
 .text.Board_SetupExtMemory
                0x00000c80       0x5c C:\Users\user\Documents\MCUXpressoIDE_10.0.2_411\workspace\lpc_board_ea_devkit_4088\Debug\liblpc_board_ea_devkit_4088.a(board_sysinit.o)
                0x00000c80                Board_SetupExtMemory
 .text.Board_SystemInit
                0x00000cdc       0x14 C:\Users\user\Documents\MCUXpressoIDE_10.0.2_411\workspace\lpc_board_ea_devkit_4088\Debug\liblpc_board_ea_devkit_4088.a(board_sysinit.o)
                0x00000cdc                Board_SystemInit
 .text.Chip_Clock_GetPLLStatus
                0x00000cf0       0x28 C:\Users\user\Documents\MCUXpressoIDE_10.0.2_411\workspace\lpc_chip_40xx\Debug\liblpc_chip_40xx.a(chip_17xx_40xx.o)
 .text.SystemCoreClockUpdate
                0x00000d18       0x18 C:\Users\user\Documents\MCUXpressoIDE_10.0.2_411\workspace\lpc_chip_40xx\Debug\liblpc_chip_40xx.a(chip_17xx_40xx.o)
                0x00000d18                SystemCoreClockUpdate
 .text.Chip_USB_Init
                0x00000d30       0x40 C:\Users\user\Documents\MCUXpressoIDE_10.0.2_411\workspace\lpc_chip_40xx\Debug\liblpc_chip_40xx.a(chip_17xx_40xx.o)
                0x00000d30                Chip_USB_Init
 .text.Chip_Clock_IsMainPLLEnabled
                0x00000d70       0x28 C:\Users\user\Documents\MCUXpressoIDE_10.0.2_411\workspace\lpc_chip_40xx\Debug\liblpc_chip_40xx.a(clock_17xx_40xx.o)
 .text.Chip_Clock_FeedPLL
                0x00000d98       0x38 C:\Users\user\Documents\MCUXpressoIDE_10.0.2_411\workspace\lpc_chip_40xx\Debug\liblpc_chip_40xx.a(clock_17xx_40xx.o)
 .text.Chip_Clock_GetMainPLLSource
                0x00000dd0       0x20 C:\Users\user\Documents\MCUXpressoIDE_10.0.2_411\workspace\lpc_chip_40xx\Debug\liblpc_chip_40xx.a(clock_17xx_40xx.o)
 .text.Chip_Clock_GetMainOscRate
                0x00000df0       0x18 C:\Users\user\Documents\MCUXpressoIDE_10.0.2_411\workspace\lpc_chip_40xx\Debug\liblpc_chip_40xx.a(clock_17xx_40xx.o)
 .text.Chip_Clock_GetIntOscRate
                0x00000e08       0x14 C:\Users\user\Documents\MCUXpressoIDE_10.0.2_411\workspace\lpc_chip_40xx\Debug\liblpc_chip_40xx.a(clock_17xx_40xx.o)
 .text.Chip_Clock_GetMainPLLInClockRate
                0x00000e1c       0x10 C:\Users\user\Documents\MCUXpressoIDE_10.0.2_411\workspace\lpc_chip_40xx\Debug\liblpc_chip_40xx.a(clock_17xx_40xx.o)
 .text.Chip_Clock_EnablePLL
                0x00000e2c       0x44 C:\Users\user\Documents\MCUXpressoIDE_10.0.2_411\workspace\lpc_chip_40xx\Debug\liblpc_chip_40xx.a(clock_17xx_40xx.o)
                0x00000e2c                Chip_Clock_EnablePLL
 .text.Chip_Clock_DisablePLL
                0x00000e70       0x48 C:\Users\user\Documents\MCUXpressoIDE_10.0.2_411\workspace\lpc_chip_40xx\Debug\liblpc_chip_40xx.a(clock_17xx_40xx.o)
                0x00000e70                Chip_Clock_DisablePLL
 .text.Chip_Clock_SetupPLL
                0x00000eb8       0x4c C:\Users\user\Documents\MCUXpressoIDE_10.0.2_411\workspace\lpc_chip_40xx\Debug\liblpc_chip_40xx.a(clock_17xx_40xx.o)
                0x00000eb8                Chip_Clock_SetupPLL
 .text.Chip_Clock_EnablePeriphClock
                0x00000f04       0x54 C:\Users\user\Documents\MCUXpressoIDE_10.0.2_411\workspace\lpc_chip_40xx\Debug\liblpc_chip_40xx.a(clock_17xx_40xx.o)
                0x00000f04                Chip_Clock_EnablePeriphClock
 .text.Chip_Clock_SetCPUClockSource
                0x00000f58       0x44 C:\Users\user\Documents\MCUXpressoIDE_10.0.2_411\workspace\lpc_chip_40xx\Debug\liblpc_chip_40xx.a(clock_17xx_40xx.o)
                0x00000f58                Chip_Clock_SetCPUClockSource
 .text.Chip_Clock_GetCPUClockSource
                0x00000f9c       0x30 C:\Users\user\Documents\MCUXpressoIDE_10.0.2_411\workspace\lpc_chip_40xx\Debug\liblpc_chip_40xx.a(clock_17xx_40xx.o)
                0x00000f9c                Chip_Clock_GetCPUClockSource
 .text.Chip_Clock_SetCPUClockDiv
                0x00000fcc       0x30 C:\Users\user\Documents\MCUXpressoIDE_10.0.2_411\workspace\lpc_chip_40xx\Debug\liblpc_chip_40xx.a(clock_17xx_40xx.o)
                0x00000fcc                Chip_Clock_SetCPUClockDiv
 .text.Chip_Clock_GetCPUClockDiv
                0x00000ffc       0x1c C:\Users\user\Documents\MCUXpressoIDE_10.0.2_411\workspace\lpc_chip_40xx\Debug\liblpc_chip_40xx.a(clock_17xx_40xx.o)
                0x00000ffc                Chip_Clock_GetCPUClockDiv
 .text.Chip_Clock_GetSYSCLKRate
                0x00001018       0x2c C:\Users\user\Documents\MCUXpressoIDE_10.0.2_411\workspace\lpc_chip_40xx\Debug\liblpc_chip_40xx.a(clock_17xx_40xx.o)
                0x00001018                Chip_Clock_GetSYSCLKRate
 .text.Chip_Clock_GetMainPLLOutClockRate
                0x00001044       0x40 C:\Users\user\Documents\MCUXpressoIDE_10.0.2_411\workspace\lpc_chip_40xx\Debug\liblpc_chip_40xx.a(clock_17xx_40xx.o)
                0x00001044                Chip_Clock_GetMainPLLOutClockRate
 .text.Chip_Clock_GetMainClockRate
                0x00001084       0x28 C:\Users\user\Documents\MCUXpressoIDE_10.0.2_411\workspace\lpc_chip_40xx\Debug\liblpc_chip_40xx.a(clock_17xx_40xx.o)
                0x00001084                Chip_Clock_GetMainClockRate
 .text.Chip_Clock_GetSystemClockRate
                0x000010ac       0x18 C:\Users\user\Documents\MCUXpressoIDE_10.0.2_411\workspace\lpc_chip_40xx\Debug\liblpc_chip_40xx.a(clock_17xx_40xx.o)
                0x000010ac                Chip_Clock_GetSystemClockRate
 .text.Chip_Clock_SetSPIFIClockSource
                0x000010c4       0x34 C:\Users\user\Documents\MCUXpressoIDE_10.0.2_411\workspace\lpc_chip_40xx\Debug\liblpc_chip_40xx.a(clock_17xx_40xx.o)
                0x000010c4                Chip_Clock_SetSPIFIClockSource
 .text.Chip_Clock_SetSPIFIClockDiv
                0x000010f8       0x30 C:\Users\user\Documents\MCUXpressoIDE_10.0.2_411\workspace\lpc_chip_40xx\Debug\liblpc_chip_40xx.a(clock_17xx_40xx.o)
                0x000010f8                Chip_Clock_SetSPIFIClockDiv
 .text.Chip_Clock_GetEMCClockDiv
                0x00001128       0x1c C:\Users\user\Documents\MCUXpressoIDE_10.0.2_411\workspace\lpc_chip_40xx\Debug\liblpc_chip_40xx.a(emc_17xx_40xx.o)
 .text.Chip_Clock_GetEMCClockRate
                0x00001144       0x18 C:\Users\user\Documents\MCUXpressoIDE_10.0.2_411\workspace\lpc_chip_40xx\Debug\liblpc_chip_40xx.a(emc_17xx_40xx.o)
 .text.convertTimmingParam
                0x0000115c       0x6c C:\Users\user\Documents\MCUXpressoIDE_10.0.2_411\workspace\lpc_chip_40xx\Debug\liblpc_chip_40xx.a(emc_17xx_40xx.o)
 .text.getColsLen
                0x000011c8       0x50 C:\Users\user\Documents\MCUXpressoIDE_10.0.2_411\workspace\lpc_chip_40xx\Debug\liblpc_chip_40xx.a(emc_17xx_40xx.o)
 .text.initDynMem
                0x00001218      0x294 C:\Users\user\Documents\MCUXpressoIDE_10.0.2_411\workspace\lpc_chip_40xx\Debug\liblpc_chip_40xx.a(emc_17xx_40xx.o)
                0x00001218                initDynMem
 .text.initStaticMem
                0x000014ac       0xb0 C:\Users\user\Documents\MCUXpressoIDE_10.0.2_411\workspace\lpc_chip_40xx\Debug\liblpc_chip_40xx.a(emc_17xx_40xx.o)
                0x000014ac                initStaticMem
 .text.Chip_EMC_Dynamic_Init
                0x0000155c       0x24 C:\Users\user\Documents\MCUXpressoIDE_10.0.2_411\workspace\lpc_chip_40xx\Debug\liblpc_chip_40xx.a(emc_17xx_40xx.o)
                0x0000155c                Chip_EMC_Dynamic_Init
 .text.Chip_EMC_Static_Init
                0x00001580       0x24 C:\Users\user\Documents\MCUXpressoIDE_10.0.2_411\workspace\lpc_chip_40xx\Debug\liblpc_chip_40xx.a(emc_17xx_40xx.o)
                0x00001580                Chip_EMC_Static_Init
 .text.Chip_EMC_Init
                0x000015a4       0x50 C:\Users\user\Documents\MCUXpressoIDE_10.0.2_411\workspace\lpc_chip_40xx\Debug\liblpc_chip_40xx.a(emc_17xx_40xx.o)
                0x000015a4                Chip_EMC_Init
 .text.fpuInit  0x000015f4       0x74 C:\Users\user\Documents\MCUXpressoIDE_10.0.2_411\workspace\lpc_chip_40xx\Debug\liblpc_chip_40xx.a(fpu_init.o)
                0x000015f4                fpuInit
 .text.Chip_IOCON_PinMuxSet
                0x00001668       0x30 C:\Users\user\Documents\MCUXpressoIDE_10.0.2_411\workspace\lpc_chip_40xx\Debug\liblpc_chip_40xx.a(iocon_17xx_40xx.o)
 .text.Chip_IOCON_SetPinMuxing
                0x00001698       0x64 C:\Users\user\Documents\MCUXpressoIDE_10.0.2_411\workspace\lpc_chip_40xx\Debug\liblpc_chip_40xx.a(iocon_17xx_40xx.o)
                0x00001698                Chip_IOCON_SetPinMuxing
 .text.Chip_TIMER_Enable
                0x000016fc       0x20 C:\Users\user\Documents\MCUXpressoIDE_10.0.2_411\workspace\lpc_chip_40xx\Debug\liblpc_chip_40xx.a(stopwatch_17xx_40xx.o)
 .text.Chip_TIMER_PrescaleSet
                0x0000171c       0x1c C:\Users\user\Documents\MCUXpressoIDE_10.0.2_411\workspace\lpc_chip_40xx\Debug\liblpc_chip_40xx.a(stopwatch_17xx_40xx.o)
 .text.StopWatch_Init
                0x00001738       0x74 C:\Users\user\Documents\MCUXpressoIDE_10.0.2_411\workspace\lpc_chip_40xx\Debug\liblpc_chip_40xx.a(stopwatch_17xx_40xx.o)
                0x00001738                StopWatch_Init
 .text.Chip_SYSCTL_PeriphReset
                0x000017ac       0x68 C:\Users\user\Documents\MCUXpressoIDE_10.0.2_411\workspace\lpc_chip_40xx\Debug\liblpc_chip_40xx.a(sysctl_17xx_40xx.o)
                0x000017ac                Chip_SYSCTL_PeriphReset
 .text.Chip_Clock_IsMainPLLEnabled
                0x00001814       0x28 C:\Users\user\Documents\MCUXpressoIDE_10.0.2_411\workspace\lpc_chip_40xx\Debug\liblpc_chip_40xx.a(sysinit_17xx_40xx.o)
 .text.Chip_Clock_IsMainPLLLocked
                0x0000183c       0x28 C:\Users\user\Documents\MCUXpressoIDE_10.0.2_411\workspace\lpc_chip_40xx\Debug\liblpc_chip_40xx.a(sysinit_17xx_40xx.o)
 .text.Chip_Clock_EnableCrystal
                0x00001864       0x24 C:\Users\user\Documents\MCUXpressoIDE_10.0.2_411\workspace\lpc_chip_40xx\Debug\liblpc_chip_40xx.a(sysinit_17xx_40xx.o)
 .text.Chip_Clock_IsCrystalEnabled
                0x00001888       0x28 C:\Users\user\Documents\MCUXpressoIDE_10.0.2_411\workspace\lpc_chip_40xx\Debug\liblpc_chip_40xx.a(sysinit_17xx_40xx.o)
 .text.Chip_Clock_SetMainPLLSource
                0x000018b0       0x24 C:\Users\user\Documents\MCUXpressoIDE_10.0.2_411\workspace\lpc_chip_40xx\Debug\liblpc_chip_40xx.a(sysinit_17xx_40xx.o)
 .text.Chip_Clock_SetPCLKDiv
                0x000018d4       0x20 C:\Users\user\Documents\MCUXpressoIDE_10.0.2_411\workspace\lpc_chip_40xx\Debug\liblpc_chip_40xx.a(sysinit_17xx_40xx.o)
 .text.Chip_SetupXtalClocking
                0x000018f4       0x84 C:\Users\user\Documents\MCUXpressoIDE_10.0.2_411\workspace\lpc_chip_40xx\Debug\liblpc_chip_40xx.a(sysinit_17xx_40xx.o)
                0x000018f4                Chip_SetupXtalClocking
 .text.Chip_Timer_GetClockIndex
                0x00001978       0x50 C:\Users\user\Documents\MCUXpressoIDE_10.0.2_411\workspace\lpc_chip_40xx\Debug\liblpc_chip_40xx.a(timer_17xx_40xx.o)
 .text.Chip_TIMER_Init
                0x000019c8       0x20 C:\Users\user\Documents\MCUXpressoIDE_10.0.2_411\workspace\lpc_chip_40xx\Debug\liblpc_chip_40xx.a(timer_17xx_40xx.o)
                0x000019c8                Chip_TIMER_Init
 .text.EPAdr    0x000019e8       0x10 C:\Users\user\Documents\MCUXpressoIDE_10.0.2_411\workspace\lpc_chip_40xx\libs\libusbd_40xx_lib.a(hw_usbd_ip3503.o)
                0x000019e8                EPAdr
 .text.hwWrCmd  0x000019f8       0x10 C:\Users\user\Documents\MCUXpressoIDE_10.0.2_411\workspace\lpc_chip_40xx\libs\libusbd_40xx_lib.a(hw_usbd_ip3503.o)
                0x000019f8                hwWrCmd
 .text.hwWrCmdDat
                0x00001a08       0x16 C:\Users\user\Documents\MCUXpressoIDE_10.0.2_411\workspace\lpc_chip_40xx\libs\libusbd_40xx_lib.a(hw_usbd_ip3503.o)
                0x00001a08                hwWrCmdDat
 .text.hwWrCmdEP
                0x00001a1e       0x24 C:\Users\user\Documents\MCUXpressoIDE_10.0.2_411\workspace\lpc_chip_40xx\libs\libusbd_40xx_lib.a(hw_usbd_ip3503.o)
                0x00001a1e                hwWrCmdEP
 .text.hwRdCmdDat
                0x00001a42       0x12 C:\Users\user\Documents\MCUXpressoIDE_10.0.2_411\workspace\lpc_chip_40xx\libs\libusbd_40xx_lib.a(hw_usbd_ip3503.o)
                0x00001a42                hwRdCmdDat
 .text.hwUSB_GetMemSize
                0x00001a54        0x6 C:\Users\user\Documents\MCUXpressoIDE_10.0.2_411\workspace\lpc_chip_40xx\libs\libusbd_40xx_lib.a(hw_usbd_ip3503.o)
                0x00001a54                hwUSB_GetMemSize
 *fill*         0x00001a5a        0x2 ff
 .text.hwUSB_Connect
                0x00001a5c       0x1c C:\Users\user\Documents\MCUXpressoIDE_10.0.2_411\workspace\lpc_chip_40xx\libs\libusbd_40xx_lib.a(hw_usbd_ip3503.o)
                0x00001a5c                hwUSB_Connect
 .text.hwUSB_Reset
                0x00001a78       0x30 C:\Users\user\Documents\MCUXpressoIDE_10.0.2_411\workspace\lpc_chip_40xx\libs\libusbd_40xx_lib.a(hw_usbd_ip3503.o)
                0x00001a78                hwUSB_Reset
 .text.hwUSB_WakeUp
                0x00001aa8       0x20 C:\Users\user\Documents\MCUXpressoIDE_10.0.2_411\workspace\lpc_chip_40xx\libs\libusbd_40xx_lib.a(hw_usbd_ip3503.o)
                0x00001aa8                hwUSB_WakeUp
 .text.hwUSB_WakeUpCfg
                0x00001ac8        0x2 C:\Users\user\Documents\MCUXpressoIDE_10.0.2_411\workspace\lpc_chip_40xx\libs\libusbd_40xx_lib.a(hw_usbd_ip3503.o)
                0x00001ac8                hwUSB_WakeUpCfg
 *fill*         0x00001aca        0x2 ff
 .text.hwUSB_SetAddress
                0x00001acc       0x30 C:\Users\user\Documents\MCUXpressoIDE_10.0.2_411\workspace\lpc_chip_40xx\libs\libusbd_40xx_lib.a(hw_usbd_ip3503.o)
                0x00001acc                hwUSB_SetAddress
 .text.hwUSB_Init
                0x00001afc       0x84 C:\Users\user\Documents\MCUXpressoIDE_10.0.2_411\workspace\lpc_chip_40xx\libs\libusbd_40xx_lib.a(hw_usbd_ip3503.o)
                0x00001afc                hwUSB_Init
 .text.hwUSB_Configure
                0x00001b80       0x34 C:\Users\user\Documents\MCUXpressoIDE_10.0.2_411\workspace\lpc_chip_40xx\libs\libusbd_40xx_lib.a(hw_usbd_ip3503.o)
                0x00001b80                hwUSB_Configure
 .text.hwUSB_ConfigEP
                0x00001bb4       0x32 C:\Users\user\Documents\MCUXpressoIDE_10.0.2_411\workspace\lpc_chip_40xx\libs\libusbd_40xx_lib.a(hw_usbd_ip3503.o)
                0x00001bb4                hwUSB_ConfigEP
 .text.hwUSB_DirCtrlEP
                0x00001be6        0x2 C:\Users\user\Documents\MCUXpressoIDE_10.0.2_411\workspace\lpc_chip_40xx\libs\libusbd_40xx_lib.a(hw_usbd_ip3503.o)
                0x00001be6                hwUSB_DirCtrlEP
 .text.hwUSB_EnableEP
                0x00001be8       0x24 C:\Users\user\Documents\MCUXpressoIDE_10.0.2_411\workspace\lpc_chip_40xx\libs\libusbd_40xx_lib.a(hw_usbd_ip3503.o)
                0x00001be8                hwUSB_EnableEP
 .text.hwUSB_DisableEP
                0x00001c0c       0x28 C:\Users\user\Documents\MCUXpressoIDE_10.0.2_411\workspace\lpc_chip_40xx\libs\libusbd_40xx_lib.a(hw_usbd_ip3503.o)
                0x00001c0c                hwUSB_DisableEP
 .text.hwUSB_ResetEP
                0x00001c34       0x24 C:\Users\user\Documents\MCUXpressoIDE_10.0.2_411\workspace\lpc_chip_40xx\libs\libusbd_40xx_lib.a(hw_usbd_ip3503.o)
                0x00001c34                hwUSB_ResetEP
 .text.hwUSB_SetStallEP
                0x00001c58       0x28 C:\Users\user\Documents\MCUXpressoIDE_10.0.2_411\workspace\lpc_chip_40xx\libs\libusbd_40xx_lib.a(hw_usbd_ip3503.o)
                0x00001c58                hwUSB_SetStallEP
 .text.hwUSB_ClrStallEP
                0x00001c80       0x24 C:\Users\user\Documents\MCUXpressoIDE_10.0.2_411\workspace\lpc_chip_40xx\libs\libusbd_40xx_lib.a(hw_usbd_ip3503.o)
                0x00001c80                hwUSB_ClrStallEP
 .text.hwUSB_EnableEvent
                0x00001ca4       0xd8 C:\Users\user\Documents\MCUXpressoIDE_10.0.2_411\workspace\lpc_chip_40xx\libs\libusbd_40xx_lib.a(hw_usbd_ip3503.o)
                0x00001ca4                hwUSB_EnableEvent
 .text.hwUSB_ReadEP
                0x00001d7c       0x80 C:\Users\user\Documents\MCUXpressoIDE_10.0.2_411\workspace\lpc_chip_40xx\libs\libusbd_40xx_lib.a(hw_usbd_ip3503.o)
                0x00001d7c                hwUSB_ReadEP
 .text.hwUSB_ForceFullSpeed
                0x00001dfc        0x2 C:\Users\user\Documents\MCUXpressoIDE_10.0.2_411\workspace\lpc_chip_40xx\libs\libusbd_40xx_lib.a(hw_usbd_ip3503.o)
                0x00001dfc                hwUSB_ForceFullSpeed
 .text.hwUSB_SetTestMode
                0x00001dfe        0x4 C:\Users\user\Documents\MCUXpressoIDE_10.0.2_411\workspace\lpc_chip_40xx\libs\libusbd_40xx_lib.a(hw_usbd_ip3503.o)
                0x00001dfe                hwUSB_SetTestMode
 .text.hwUSB_ReadReqEP
                0x00001e02        0x4 C:\Users\user\Documents\MCUXpressoIDE_10.0.2_411\workspace\lpc_chip_40xx\libs\libusbd_40xx_lib.a(hw_usbd_ip3503.o)
                0x00001e02                hwUSB_ReadReqEP
 .text.hwUSB_ReadSetupPkt
                0x00001e06        0x4 C:\Users\user\Documents\MCUXpressoIDE_10.0.2_411\workspace\lpc_chip_40xx\libs\libusbd_40xx_lib.a(hw_usbd_ip3503.o)
                0x00001e06                hwUSB_ReadSetupPkt
 *fill*         0x00001e0a        0x2 ff
 .text.hwUSB_WriteEP
                0x00001e0c       0x44 C:\Users\user\Documents\MCUXpressoIDE_10.0.2_411\workspace\lpc_chip_40xx\libs\libusbd_40xx_lib.a(hw_usbd_ip3503.o)
                0x00001e0c                hwUSB_WriteEP
 .text.hwUSB_ISR
                0x00001e50      0x1a0 C:\Users\user\Documents\MCUXpressoIDE_10.0.2_411\workspace\lpc_chip_40xx\libs\libusbd_40xx_lib.a(hw_usbd_ip3503.o)
                0x00001e50                hwUSB_ISR
 .text.mwCDC_SetRequest
                0x00001ff0       0x7c C:\Users\user\Documents\MCUXpressoIDE_10.0.2_411\workspace\lpc_chip_40xx\libs\libusbd_40xx_lib.a(mw_usbd_cdcuser.o)
                0x00001ff0                mwCDC_SetRequest
 .text.mwCDC_ep0_hdlr
                0x0000206c       0xb0 C:\Users\user\Documents\MCUXpressoIDE_10.0.2_411\workspace\lpc_chip_40xx\libs\libusbd_40xx_lib.a(mw_usbd_cdcuser.o)
                0x0000206c                mwCDC_ep0_hdlr
 .text.mwCDC_GetRequest
                0x0000211c       0x50 C:\Users\user\Documents\MCUXpressoIDE_10.0.2_411\workspace\lpc_chip_40xx\libs\libusbd_40xx_lib.a(mw_usbd_cdcuser.o)
                0x0000211c                mwCDC_GetRequest
 .text.mwCDC_SendNotification
                0x0000216c       0x50 C:\Users\user\Documents\MCUXpressoIDE_10.0.2_411\workspace\lpc_chip_40xx\libs\libusbd_40xx_lib.a(mw_usbd_cdcuser.o)
                0x0000216c                mwCDC_SendNotification
 .text.mwCDC_GetMemSize
                0x000021bc        0x4 C:\Users\user\Documents\MCUXpressoIDE_10.0.2_411\workspace\lpc_chip_40xx\libs\libusbd_40xx_lib.a(mw_usbd_cdcuser.o)
                0x000021bc                mwCDC_GetMemSize
 .text.mwCDC_init
                0x000021c0      0x140 C:\Users\user\Documents\MCUXpressoIDE_10.0.2_411\workspace\lpc_chip_40xx\libs\libusbd_40xx_lib.a(mw_usbd_cdcuser.o)
                0x000021c0                mwCDC_init
 .text.USB_ReqGetConfiguration
                0x00002300       0x20 C:\Users\user\Documents\MCUXpressoIDE_10.0.2_411\workspace\lpc_chip_40xx\libs\libusbd_40xx_lib.a(mw_usbd_core.o)
                0x00002300                USB_ReqGetConfiguration
 .text.USBD_virt_to_phys
                0x00002320        0x2 C:\Users\user\Documents\MCUXpressoIDE_10.0.2_411\workspace\lpc_chip_40xx\libs\libusbd_40xx_lib.a(mw_usbd_core.o)
                0x00002320                USBD_virt_to_phys
 .text.USBD_cache_flush
                0x00002322        0x2 C:\Users\user\Documents\MCUXpressoIDE_10.0.2_411\workspace\lpc_chip_40xx\libs\libusbd_40xx_lib.a(mw_usbd_core.o)
                0x00002322                USBD_cache_flush
 .text.USB_ReqGetStatus
                0x00002324       0x8c C:\Users\user\Documents\MCUXpressoIDE_10.0.2_411\workspace\lpc_chip_40xx\libs\libusbd_40xx_lib.a(mw_usbd_core.o)
                0x00002324                USB_ReqGetStatus
 .text.USB_ReqGetDescriptor
                0x000023b0       0x84 C:\Users\user\Documents\MCUXpressoIDE_10.0.2_411\workspace\lpc_chip_40xx\libs\libusbd_40xx_lib.a(mw_usbd_core.o)
                0x000023b0                USB_ReqGetDescriptor
 .text.USB_ReqGetInterface
                0x00002434       0x34 C:\Users\user\Documents\MCUXpressoIDE_10.0.2_411\workspace\lpc_chip_40xx\libs\libusbd_40xx_lib.a(mw_usbd_core.o)
                0x00002434                USB_ReqGetInterface
 .text.USB_ReqSetClrFeature
                0x00002468       0xb4 C:\Users\user\Documents\MCUXpressoIDE_10.0.2_411\workspace\lpc_chip_40xx\libs\libusbd_40xx_lib.a(mw_usbd_core.o)
                0x00002468                USB_ReqSetClrFeature
 .text.USB_ReqSetConfiguration
                0x0000251c      0x194 C:\Users\user\Documents\MCUXpressoIDE_10.0.2_411\workspace\lpc_chip_40xx\libs\libusbd_40xx_lib.a(mw_usbd_core.o)
                0x0000251c                USB_ReqSetConfiguration
 .text.USB_ReqSetInterface
                0x000026b0      0x144 C:\Users\user\Documents\MCUXpressoIDE_10.0.2_411\workspace\lpc_chip_40xx\libs\libusbd_40xx_lib.a(mw_usbd_core.o)
                0x000026b0                USB_ReqSetInterface
 .text.mwUSB_SetupStage
                0x000027f4        0xa C:\Users\user\Documents\MCUXpressoIDE_10.0.2_411\workspace\lpc_chip_40xx\libs\libusbd_40xx_lib.a(mw_usbd_core.o)
                0x000027f4                mwUSB_SetupStage
 .text.mwUSB_DataInStage
                0x000027fe       0x2e C:\Users\user\Documents\MCUXpressoIDE_10.0.2_411\workspace\lpc_chip_40xx\libs\libusbd_40xx_lib.a(mw_usbd_core.o)
                0x000027fe                mwUSB_DataInStage
 .text.mwUSB_DataOutStage
                0x0000282c       0x24 C:\Users\user\Documents\MCUXpressoIDE_10.0.2_411\workspace\lpc_chip_40xx\libs\libusbd_40xx_lib.a(mw_usbd_core.o)
                0x0000282c                mwUSB_DataOutStage
 .text.mwUSB_StatusInStage
                0x00002850        0xa C:\Users\user\Documents\MCUXpressoIDE_10.0.2_411\workspace\lpc_chip_40xx\libs\libusbd_40xx_lib.a(mw_usbd_core.o)
                0x00002850                mwUSB_StatusInStage
 .text.mwUSB_StatusOutStage
                0x0000285a        0xa C:\Users\user\Documents\MCUXpressoIDE_10.0.2_411\workspace\lpc_chip_40xx\libs\libusbd_40xx_lib.a(mw_usbd_core.o)
                0x0000285a                mwUSB_StatusOutStage
 .text.mwUSB_StallEp0
                0x00002864       0x12 C:\Users\user\Documents\MCUXpressoIDE_10.0.2_411\workspace\lpc_chip_40xx\libs\libusbd_40xx_lib.a(mw_usbd_core.o)
                0x00002864                mwUSB_StallEp0
 *fill*         0x00002876        0x2 ff
 .text.USB_ReqSetAddress
                0x00002878       0x24 C:\Users\user\Documents\MCUXpressoIDE_10.0.2_411\workspace\lpc_chip_40xx\libs\libusbd_40xx_lib.a(mw_usbd_core.o)
                0x00002878                USB_ReqSetAddress
 .text.USB_InvokeEp0Hdlrs
                0x0000289c       0x44 C:\Users\user\Documents\MCUXpressoIDE_10.0.2_411\workspace\lpc_chip_40xx\libs\libusbd_40xx_lib.a(mw_usbd_core.o)
                0x0000289c                USB_InvokeEp0Hdlrs
 .text.mwUSB_ResetCore
                0x000028e0       0x26 C:\Users\user\Documents\MCUXpressoIDE_10.0.2_411\workspace\lpc_chip_40xx\libs\libusbd_40xx_lib.a(mw_usbd_core.o)
                0x000028e0                mwUSB_ResetCore
 *fill*         0x00002906        0x2 ff
 .text.USB_EvtSetupHandler
                0x00002908      0x108 C:\Users\user\Documents\MCUXpressoIDE_10.0.2_411\workspace\lpc_chip_40xx\libs\libusbd_40xx_lib.a(mw_usbd_core.o)
                0x00002908                USB_EvtSetupHandler
 .text.USB_EvtOutHandler
                0x00002a10       0x68 C:\Users\user\Documents\MCUXpressoIDE_10.0.2_411\workspace\lpc_chip_40xx\libs\libusbd_40xx_lib.a(mw_usbd_core.o)
                0x00002a10                USB_EvtOutHandler
 .text.USB_EndPoint0
                0x00002a78       0x94 C:\Users\user\Documents\MCUXpressoIDE_10.0.2_411\workspace\lpc_chip_40xx\libs\libusbd_40xx_lib.a(mw_usbd_core.o)
                0x00002a78                USB_EndPoint0
 .text.mwUSB_InitCore
                0x00002b0c       0xdc C:\Users\user\Documents\MCUXpressoIDE_10.0.2_411\workspace\lpc_chip_40xx\libs\libusbd_40xx_lib.a(mw_usbd_core.o)
                0x00002b0c                mwUSB_InitCore
 .text.mwUSB_RegisterClassHandler
                0x00002be8       0x28 C:\Users\user\Documents\MCUXpressoIDE_10.0.2_411\workspace\lpc_chip_40xx\libs\libusbd_40xx_lib.a(mw_usbd_core.o)
                0x00002be8                mwUSB_RegisterClassHandler
 .text.mwUSB_RegisterEpHandler
                0x00002c10       0x24 C:\Users\user\Documents\MCUXpressoIDE_10.0.2_411\workspace\lpc_chip_40xx\libs\libusbd_40xx_lib.a(mw_usbd_core.o)
                0x00002c10                mwUSB_RegisterEpHandler
 .text.__main   0x00002c34        0xe c:/nxp/mcuxpressoide_10.0.2_411/ide/tools/bin/../lib/gcc/arm-none-eabi/5.4.1/../../../../arm-none-eabi/lib/armv7e-m/softfp\libcr_nohost.a(_cr__main.o)
                0x00002c34                __main
 .text.memcpy   0x00002c42        0x4 c:/nxp/mcuxpressoide_10.0.2_411/ide/tools/bin/../lib/gcc/arm-none-eabi/5.4.1/../../../../arm-none-eabi/lib/armv7e-m/softfp\libcr_c.a(memcpy.o)
                0x00002c42                memcpy
 .text.memset   0x00002c46        0x4 c:/nxp/mcuxpressoide_10.0.2_411/ide/tools/bin/../lib/gcc/arm-none-eabi/5.4.1/../../../../arm-none-eabi/lib/armv7e-m/softfp\libcr_c.a(memset.o)
                0x00002c46                memset
 .text.fp_round
                0x00002c4a       0x4e c:/nxp/mcuxpressoide_10.0.2_411/ide/tools/bin/../lib/gcc/arm-none-eabi/5.4.1/../../../../arm-none-eabi/lib/armv7e-m/softfp\libcr_c.a(fpprintf.o)
 .text.pr_dec.constprop.1
                0x00002c98       0x26 c:/nxp/mcuxpressoide_10.0.2_411/ide/tools/bin/../lib/gcc/arm-none-eabi/5.4.1/../../../../arm-none-eabi/lib/armv7e-m/softfp\libcr_c.a(fpprintf.o)
 *fill*         0x00002cbe        0x2 ff
 .text.sprintf  0x00002cc0       0x6c c:/nxp/mcuxpressoide_10.0.2_411/ide/tools/bin/../lib/gcc/arm-none-eabi/5.4.1/../../../../arm-none-eabi/lib/armv7e-m/softfp\libcr_c.a(fpprintf.o)
                0x00002cc0                sprintf
 *fill*         0x00002d2c        0x4 ff
 .text.fp_display
                0x00002d30      0x8f8 c:/nxp/mcuxpressoide_10.0.2_411/ide/tools/bin/../lib/gcc/arm-none-eabi/5.4.1/../../../../arm-none-eabi/lib/armv7e-m/softfp\libcr_c.a(fpprintf.o)
 .text.vsnprintf
                0x00003628       0x5c c:/nxp/mcuxpressoide_10.0.2_411/ide/tools/bin/../lib/gcc/arm-none-eabi/5.4.1/../../../../arm-none-eabi/lib/armv7e-m/softfp\libcr_c.a(fpprintf.o)
                0x00003628                vsnprintf
 .text.printf   0x00003684       0x54 c:/nxp/mcuxpressoide_10.0.2_411/ide/tools/bin/../lib/gcc/arm-none-eabi/5.4.1/../../../../arm-none-eabi/lib/armv7e-m/softfp\libcr_c.a(fpprintf.o)
                0x00003684                printf
 .text._initio  0x000036d8       0x78 c:/nxp/mcuxpressoide_10.0.2_411/ide/tools/bin/../lib/gcc/arm-none-eabi/5.4.1/../../../../arm-none-eabi/lib/armv7e-m/softfp\libcr_c.a(initio.o)
                0x000036d8                _initio
 .text.__vfprintf
                0x00003750      0xd48 c:/nxp/mcuxpressoide_10.0.2_411/ide/tools/bin/../lib/gcc/arm-none-eabi/5.4.1/../../../../arm-none-eabi/lib/armv7e-m/softfp\libcr_c.a(printf.o)
                0x00003750                __vfprintf
 .text.setvbuf  0x00004498       0x44 c:/nxp/mcuxpressoide_10.0.2_411/ide/tools/bin/../lib/gcc/arm-none-eabi/5.4.1/../../../../arm-none-eabi/lib/armv7e-m/softfp\libcr_c.a(setvbuf.o)
                0x00004498                setvbuf
 .text.strlen   0x000044dc       0x4a c:/nxp/mcuxpressoide_10.0.2_411/ide/tools/bin/../lib/gcc/arm-none-eabi/5.4.1/../../../../arm-none-eabi/lib/armv7e-m/softfp\libcr_c.a(strlen.o)
                0x000044dc                strlen
 .text._deferredlazyseek
                0x00004526       0x40 c:/nxp/mcuxpressoide_10.0.2_411/ide/tools/bin/../lib/gcc/arm-none-eabi/5.4.1/../../../../arm-none-eabi/lib/armv7e-m/softfp\libcr_c.a(_deferredlazyseek.o)
                0x00004526                _deferredlazyseek
 .text.__flsbuf
                0x00004566      0x13e c:/nxp/mcuxpressoide_10.0.2_411/ide/tools/bin/../lib/gcc/arm-none-eabi/5.4.1/../../../../arm-none-eabi/lib/armv7e-m/softfp\libcr_c.a(_deferredlazyseek.o)
                0x00004566                __flsbuf
 .text._fdopen  0x000046a4       0x6a c:/nxp/mcuxpressoide_10.0.2_411/ide/tools/bin/../lib/gcc/arm-none-eabi/5.4.1/../../../../arm-none-eabi/lib/armv7e-m/softfp\libcr_c.a(_fdopen.o)
                0x000046a4                _fdopen
 .text._fflush  0x0000470e       0x54 c:/nxp/mcuxpressoide_10.0.2_411/ide/tools/bin/../lib/gcc/arm-none-eabi/5.4.1/../../../../arm-none-eabi/lib/armv7e-m/softfp\libcr_c.a(_fflush.o)
                0x0000470e                _fflush
 .text._frexpl  0x00004762       0x5a c:/nxp/mcuxpressoide_10.0.2_411/ide/tools/bin/../lib/gcc/arm-none-eabi/5.4.1/../../../../arm-none-eabi/lib/armv7e-m/softfp\libcr_c.a(_frexpl.o)
                0x00004762                _frexpl
 .text._ldexpl  0x000047bc       0x4c c:/nxp/mcuxpressoide_10.0.2_411/ide/tools/bin/../lib/gcc/arm-none-eabi/5.4.1/../../../../arm-none-eabi/lib/armv7e-m/softfp\libcr_c.a(_ldexpl.o)
                0x000047bc                _ldexpl
 .text._Cwritebuf
                0x00004808       0x68 c:/nxp/mcuxpressoide_10.0.2_411/ide/tools/bin/../lib/gcc/arm-none-eabi/5.4.1/../../../../arm-none-eabi/lib/armv7e-m/softfp\libcr_c.a(_writebuf.o)
                0x00004808                _Cwritebuf
 .text.malloc   0x00004870       0xc8 c:/nxp/mcuxpressoide_10.0.2_411/ide/tools/bin/../lib/gcc/arm-none-eabi/5.4.1/../../../../arm-none-eabi/lib/armv7e-m/softfp\libcr_c.a(alloc.o)
                0x00004870                malloc
 .text.free     0x00004938       0x30 c:/nxp/mcuxpressoide_10.0.2_411/ide/tools/bin/../lib/gcc/arm-none-eabi/5.4.1/../../../../arm-none-eabi/lib/armv7e-m/softfp\libcr_c.a(alloc.o)
                0x00004938                free
 .text._Csys_alloc
                0x00004968       0x20 c:/nxp/mcuxpressoide_10.0.2_411/ide/tools/bin/../lib/gcc/arm-none-eabi/5.4.1/../../../../arm-none-eabi/lib/armv7e-m/softfp\libcr_c.a(alloc.o)
                0x00004968                _Csys_alloc
 .text.fclose   0x00004988       0x58 c:/nxp/mcuxpressoide_10.0.2_411/ide/tools/bin/../lib/gcc/arm-none-eabi/5.4.1/../../../../arm-none-eabi/lib/armv7e-m/softfp\libcr_c.a(fclose.o)
                0x00004988                fclose
 .text.fflush   0x000049e0       0x48 c:/nxp/mcuxpressoide_10.0.2_411/ide/tools/bin/../lib/gcc/arm-none-eabi/5.4.1/../../../../arm-none-eabi/lib/armv7e-m/softfp\libcr_c.a(fflush.o)
                0x000049e0                fflush
 .text.fseek    0x00004a28      0x100 c:/nxp/mcuxpressoide_10.0.2_411/ide/tools/bin/../lib/gcc/arm-none-eabi/5.4.1/../../../../arm-none-eabi/lib/armv7e-m/softfp\libcr_c.a(fseek.o)
                0x00004a28                fseek
 .text.ftell    0x00004b28       0x48 c:/nxp/mcuxpressoide_10.0.2_411/ide/tools/bin/../lib/gcc/arm-none-eabi/5.4.1/../../../../arm-none-eabi/lib/armv7e-m/softfp\libcr_c.a(ftell.o)
                0x00004b28                ftell
 .text.remove   0x00004b70       0x14 c:/nxp/mcuxpressoide_10.0.2_411/ide/tools/bin/../lib/gcc/arm-none-eabi/5.4.1/../../../../arm-none-eabi/lib/armv7e-m/softfp\libcr_c.a(remove.o)
                0x00004b70                remove
 .text._sbrk    0x00004b84       0x40 c:/nxp/mcuxpressoide_10.0.2_411/ide/tools/bin/../lib/gcc/arm-none-eabi/5.4.1/../../../../arm-none-eabi/lib/armv7e-m/softfp\libcr_c.a(_cr_sbrk.o)
                0x00004b84                _sbrk
 .text._do_fflush
                0x00004bc4       0x42 c:/nxp/mcuxpressoide_10.0.2_411/ide/tools/bin/../lib/gcc/arm-none-eabi/5.4.1/../../../../arm-none-eabi/lib/armv7e-m/softfp\libcr_c.a(_do_fflush.o)
                0x00004bc4                _do_fflush
 *fill*         0x00004c06        0x2 ff
 .text.__check_heap_overflow
                0x00004c08       0x18 c:/nxp/mcuxpressoide_10.0.2_411/ide/tools/bin/../lib/gcc/arm-none-eabi/5.4.1/../../../../arm-none-eabi/lib/armv7e-m/softfp\libcr_c.a(_cr_check_heap.o)
                0x00004c08                __check_heap_overflow
 .text.__aeabi_dmul
                0x00004c20      0x110 c:/nxp/mcuxpressoide_10.0.2_411/ide/tools/bin/../lib/gcc/arm-none-eabi/5.4.1/armv7e-m/softfp\libcr_eabihelpers.a(double.o)
                0x00004c20                __aeabi_dmul
 .text.__aeabi_ddiv
                0x00004d30      0x13c c:/nxp/mcuxpressoide_10.0.2_411/ide/tools/bin/../lib/gcc/arm-none-eabi/5.4.1/armv7e-m/softfp\libcr_eabihelpers.a(double.o)
                0x00004d30                __aeabi_ddiv
 .text.__aeabi_dsub
                0x00004e6c      0x1b4 c:/nxp/mcuxpressoide_10.0.2_411/ide/tools/bin/../lib/gcc/arm-none-eabi/5.4.1/armv7e-m/softfp\libcr_eabihelpers.a(double.o)
                0x00004e6c                __aeabi_dsub
 .text.__aeabi_dadd
                0x00005020      0x114 c:/nxp/mcuxpressoide_10.0.2_411/ide/tools/bin/../lib/gcc/arm-none-eabi/5.4.1/armv7e-m/softfp\libcr_eabihelpers.a(double.o)
                0x00005020                __aeabi_dadd
 .text.__aeabi_d2iz
                0x00005134       0x40 c:/nxp/mcuxpressoide_10.0.2_411/ide/tools/bin/../lib/gcc/arm-none-eabi/5.4.1/armv7e-m/softfp\libcr_eabihelpers.a(double.o)
                0x00005134                __aeabi_d2iz
 .text.__bhs_ui2d
                0x00005174       0x46 c:/nxp/mcuxpressoide_10.0.2_411/ide/tools/bin/../lib/gcc/arm-none-eabi/5.4.1/armv7e-m/softfp\libcr_eabihelpers.a(double.o)
                0x00005174                __bhs_ui2d
 .text.__aeabi_i2d
                0x000051ba       0x10 c:/nxp/mcuxpressoide_10.0.2_411/ide/tools/bin/../lib/gcc/arm-none-eabi/5.4.1/armv7e-m/softfp\libcr_eabihelpers.a(double.o)
                0x000051ba                __aeabi_i2d
 .text.__aeabi_dcmpeq
                0x000051ca       0x30 c:/nxp/mcuxpressoide_10.0.2_411/ide/tools/bin/../lib/gcc/arm-none-eabi/5.4.1/armv7e-m/softfp\libcr_eabihelpers.a(double.o)
                0x000051ca                __aeabi_dcmpeq
 .text.__aeabi_dcmplt
                0x000051fa       0x58 c:/nxp/mcuxpressoide_10.0.2_411/ide/tools/bin/../lib/gcc/arm-none-eabi/5.4.1/armv7e-m/softfp\libcr_eabihelpers.a(double.o)
                0x000051fa                __aeabi_dcmplt
 .text.__aeabi_dcmple
                0x00005252       0x54 c:/nxp/mcuxpressoide_10.0.2_411/ide/tools/bin/../lib/gcc/arm-none-eabi/5.4.1/armv7e-m/softfp\libcr_eabihelpers.a(double.o)
                0x00005252                __aeabi_dcmple
 .text.__aeabi_dcmpge
                0x000052a6       0x54 c:/nxp/mcuxpressoide_10.0.2_411/ide/tools/bin/../lib/gcc/arm-none-eabi/5.4.1/armv7e-m/softfp\libcr_eabihelpers.a(double.o)
                0x000052a6                __aeabi_dcmpge
 .text.__aeabi_memcpy
                0x000052fa       0x34 c:/nxp/mcuxpressoide_10.0.2_411/ide/tools/bin/../lib/gcc/arm-none-eabi/5.4.1/armv7e-m/softfp\libcr_eabihelpers.a(memcpy.o)
                0x000052fa                __aeabi_memcpy
                0x00005304                __aeabi_memcpy8
                0x00005304                __aeabi_memcpy4
 .text.__aeabi_memset_lowlevel
                0x0000532e       0x32 c:/nxp/mcuxpressoide_10.0.2_411/ide/tools/bin/../lib/gcc/arm-none-eabi/5.4.1/armv7e-m/softfp\libcr_eabihelpers.a(memcpy.o)
                0x0000532e                __aeabi_lowlevel_memset
 .text.__sys_appexit
                0x00005360        0x2 c:/nxp/mcuxpressoide_10.0.2_411/ide/tools/bin/../lib/gcc/arm-none-eabi/5.4.1/../../../../arm-none-eabi/lib/armv7e-m/softfp\libcr_nohost.a(__sys_appexit.o)
                0x00005360                __sys_appexit
                0x00005360                __exit
 .text.__sys_close
                0x00005362        0x6 c:/nxp/mcuxpressoide_10.0.2_411/ide/tools/bin/../lib/gcc/arm-none-eabi/5.4.1/../../../../arm-none-eabi/lib/armv7e-m/softfp\libcr_nohost.a(__sys_close.o)
                0x00005362                __sys_close
 .text.__sys_flen
                0x00005368        0x6 c:/nxp/mcuxpressoide_10.0.2_411/ide/tools/bin/../lib/gcc/arm-none-eabi/5.4.1/../../../../arm-none-eabi/lib/armv7e-m/softfp\libcr_nohost.a(__sys_flen.o)
                0x00005368                __sys_flen
 .text.__sys_istty
                0x0000536e        0x6 c:/nxp/mcuxpressoide_10.0.2_411/ide/tools/bin/../lib/gcc/arm-none-eabi/5.4.1/../../../../arm-none-eabi/lib/armv7e-m/softfp\libcr_nohost.a(__sys_istty.o)
                0x0000536e                __sys_istty
 .text.__sys_remove
                0x00005374        0x6 c:/nxp/mcuxpressoide_10.0.2_411/ide/tools/bin/../lib/gcc/arm-none-eabi/5.4.1/../../../../arm-none-eabi/lib/armv7e-m/softfp\libcr_nohost.a(__sys_remove.o)
                0x00005374                __sys_remove
 .text.__sys_seek
                0x0000537a        0x6 c:/nxp/mcuxpressoide_10.0.2_411/ide/tools/bin/../lib/gcc/arm-none-eabi/5.4.1/../../../../arm-none-eabi/lib/armv7e-m/softfp\libcr_nohost.a(__sys_seek.o)
                0x0000537a                __sys_seek
 .text.__sys_tmpnam
                0x00005380        0x6 c:/nxp/mcuxpressoide_10.0.2_411/ide/tools/bin/../lib/gcc/arm-none-eabi/5.4.1/../../../../arm-none-eabi/lib/armv7e-m/softfp\libcr_nohost.a(__sys_tmpnam.o)
                0x00005380                __sys_tmpnam
 .text.__sys_write
                0x00005386        0x4 c:/nxp/mcuxpressoide_10.0.2_411/ide/tools/bin/../lib/gcc/arm-none-eabi/5.4.1/../../../../arm-none-eabi/lib/armv7e-m/softfp\libcr_nohost.a(__sys_write.o)
                0x00005386                __sys_write
 *(.rodata .rodata.* .constdata .constdata.*)
 *fill*         0x0000538a        0x2 ff
 .rodata.USB_DeviceDescriptor
                0x0000538c       0x12 ./example/src/cdc_desc.o
                0x0000538c                USB_DeviceDescriptor
 *fill*         0x0000539e        0x2 ff
 .rodata.USB_StringDescriptor
                0x000053a0       0x38 ./example/src/cdc_desc.o
                0x000053a0                USB_StringDescriptor
 .rodata.g_usbApi
                0x000053d8       0x20 ./example/src/cdc_main.o
 .rodata        0x000053f8       0x44 ./example/src/cdc_main.o
 .rodata.ledports
                0x0000543c        0x4 C:\Users\user\Documents\MCUXpressoIDE_10.0.2_411\workspace\lpc_board_ea_devkit_4088\Debug\liblpc_board_ea_devkit_4088.a(board.o)
 .rodata.ledpins
                0x00005440        0x4 C:\Users\user\Documents\MCUXpressoIDE_10.0.2_411\workspace\lpc_board_ea_devkit_4088\Debug\liblpc_board_ea_devkit_4088.a(board.o)
 .rodata.OscRateIn
                0x00005444        0x4 C:\Users\user\Documents\MCUXpressoIDE_10.0.2_411\workspace\lpc_board_ea_devkit_4088\Debug\liblpc_board_ea_devkit_4088.a(board.o)
                0x00005444                OscRateIn
 .rodata.pinmuxing
                0x00005448       0x88 C:\Users\user\Documents\MCUXpressoIDE_10.0.2_411\workspace\lpc_board_ea_devkit_4088\Debug\liblpc_board_ea_devkit_4088.a(board_sysinit.o)
 .rodata.IS42S32800D_config
                0x000054d0       0x74 C:\Users\user\Documents\MCUXpressoIDE_10.0.2_411\workspace\lpc_board_ea_devkit_4088\Debug\liblpc_board_ea_devkit_4088.a(board_sysinit.o)
 .rodata.SST39VF320_config
                0x00005544       0x20 C:\Users\user\Documents\MCUXpressoIDE_10.0.2_411\workspace\lpc_board_ea_devkit_4088\Debug\liblpc_board_ea_devkit_4088.a(board_sysinit.o)
 .rodata.K9F1G_config
                0x00005564       0x20 C:\Users\user\Documents\MCUXpressoIDE_10.0.2_411\workspace\lpc_board_ea_devkit_4088\Debug\liblpc_board_ea_devkit_4088.a(board_sysinit.o)
 .rodata.hw_api
                0x00005584       0x5c C:\Users\user\Documents\MCUXpressoIDE_10.0.2_411\workspace\lpc_chip_40xx\libs\libusbd_40xx_lib.a(mw_usbd_rom_api.o)
                0x00005584                hw_api
 .rodata.core_api
                0x000055e0       0x20 C:\Users\user\Documents\MCUXpressoIDE_10.0.2_411\workspace\lpc_chip_40xx\libs\libusbd_40xx_lib.a(mw_usbd_rom_api.o)
                0x000055e0                core_api
 .rodata.cdc_api
                0x00005600        0xc C:\Users\user\Documents\MCUXpressoIDE_10.0.2_411\workspace\lpc_chip_40xx\libs\libusbd_40xx_lib.a(mw_usbd_rom_api.o)
                0x00005600                cdc_api
 .rodata.str1.1
                0x0000560c       0x34 c:/nxp/mcuxpressoide_10.0.2_411/ide/tools/bin/../lib/gcc/arm-none-eabi/5.4.1/../../../../arm-none-eabi/lib/armv7e-m/softfp\libcr_c.a(fpprintf.o)
                                 0x35 (size before relaxing)
 .rodata.str1.1
                0x00005640        0x4 c:/nxp/mcuxpressoide_10.0.2_411/ide/tools/bin/../lib/gcc/arm-none-eabi/5.4.1/../../../../arm-none-eabi/lib/armv7e-m/softfp\libcr_c.a(initio.o)
 .rodata.str1.1
                0x00005644       0x31 c:/nxp/mcuxpressoide_10.0.2_411/ide/tools/bin/../lib/gcc/arm-none-eabi/5.4.1/../../../../arm-none-eabi/lib/armv7e-m/softfp\libcr_c.a(printf.o)
                                 0x38 (size before relaxing)
 .rodata.str1.1
                0x00005675       0x18 c:/nxp/mcuxpressoide_10.0.2_411/ide/tools/bin/../lib/gcc/arm-none-eabi/5.4.1/../../../../arm-none-eabi/lib/armv7e-m/softfp\libcr_c.a(alloc.o)
 *fill*         0x0000568d        0x3 ff
 .rodata.__huge_vall
                0x00005690        0x8 c:/nxp/mcuxpressoide_10.0.2_411/ide/tools/bin/../lib/gcc/arm-none-eabi/5.4.1/../../../../arm-none-eabi/lib/armv7e-m/softfp\libcr_c.a(_hugeval.o)
                0x00005690                __huge_vall
 .rodata.__num_Ciob_streams
                0x00005698        0x4 c:/nxp/mcuxpressoide_10.0.2_411/ide/tools/bin/../lib/gcc/arm-none-eabi/5.4.1/../../../../arm-none-eabi/lib/armv7e-m/softfp\libcr_nohost.a(__ciob.o)
                0x00005698                __num_Ciob_streams
                0x0000569c                . = ALIGN (0x4)

.glue_7         0x0000569c        0x0
 .glue_7        0x0000569c        0x0 linker stubs

.glue_7t        0x0000569c        0x0
 .glue_7t       0x0000569c        0x0 linker stubs

.vfp11_veneer   0x0000569c        0x0
 .vfp11_veneer  0x0000569c        0x0 linker stubs

.v4_bx          0x0000569c        0x0
 .v4_bx         0x0000569c        0x0 linker stubs

.iplt           0x0000569c        0x0
 .iplt          0x0000569c        0x0 ./example/src/cdc_desc.o

.rel.dyn        0x0000569c        0x0
 .rel.iplt      0x0000569c        0x0 ./example/src/cdc_desc.o

.ARM.extab
 *(.ARM.extab* .gnu.linkonce.armextab.*)
                0x0000569c                __exidx_start = .

.ARM.exidx
 *(.ARM.exidx* .gnu.linkonce.armexidx.*)
                0x0000569c                __exidx_end = .
                0x0000569c                _etext = .

.data_RAM2      0x20000000        0x0 load address 0x0000569c
 FILL mask 0xff
                [!provide]                PROVIDE (__start_data_RAM2, .)
 *(.ramfunc.$RAM2)
 *(.ramfunc.$RamPeriph32)
 *(.data.$RAM2*)
 *(.data.$RamPeriph32*)
                0x20000000                . = ALIGN (0x4)
                [!provide]                PROVIDE (__end_data_RAM2, .)

.uninit_RESERVED
                0x10000000        0x0
 *(.bss.$RESERVED*)
                0x10000000                . = ALIGN (0x4)
                0x10000000                _end_uninit_RESERVED = .

.data           0x10000000       0x50 load address 0x0000569c
 FILL mask 0xff
                0x10000000                _data = .
 *(vtable)
 *(.ramfunc*)
 *(.data*)
 .data.USB_FsConfigDescriptor
                0x10000000       0x4c ./example/src/cdc_desc.o
                0x10000000                USB_FsConfigDescriptor
 .data.g_pUsbApi
                0x1000004c        0x4 ./example/src/cdc_main.o
                0x1000004c                g_pUsbApi
                0x10000050                . = ALIGN (0x4)
                0x10000050                _edata = .

.igot.plt       0x10000050        0x0 load address 0x000056ec
 .igot.plt      0x10000050        0x0 ./example/src/cdc_desc.o

.bss_RAM2       0x20000000        0x0
                [!provide]                PROVIDE (__start_bss_RAM2, .)
 *(.bss.$RAM2*)
 *(.bss.$RamPeriph32*)
                0x20000000                . = ALIGN ((. != 0x0)?0x4:0x1)
                [!provide]                PROVIDE (__end_bss_RAM2, .)

.bss            0x10000050      0x314
                0x10000050                _bss = .
 *(.bss*)
 .bss.g_hUsb    0x10000050        0x4 ./example/src/cdc_main.o
 .bss.g_rxBuff  0x10000054      0x100 ./example/src/cdc_main.o
 .bss.ticksPerSecond
                0x10000154        0x4 C:\Users\user\Documents\MCUXpressoIDE_10.0.2_411\workspace\lpc_chip_40xx\Debug\liblpc_chip_40xx.a(stopwatch_17xx_40xx.o)
 .bss.ticksPerMs
                0x10000158        0x4 C:\Users\user\Documents\MCUXpressoIDE_10.0.2_411\workspace\lpc_chip_40xx\Debug\liblpc_chip_40xx.a(stopwatch_17xx_40xx.o)
 .bss.ticksPerUs
                0x1000015c        0x4 C:\Users\user\Documents\MCUXpressoIDE_10.0.2_411\workspace\lpc_chip_40xx\Debug\liblpc_chip_40xx.a(stopwatch_17xx_40xx.o)
 .bss.errno     0x10000160        0x4 c:/nxp/mcuxpressoide_10.0.2_411/ide/tools/bin/../lib/gcc/arm-none-eabi/5.4.1/../../../../arm-none-eabi/lib/armv7e-m/softfp\libcr_c.a(errno.o)
                0x10000160                errno
 .bss.__heaps   0x10000164        0x4 c:/nxp/mcuxpressoide_10.0.2_411/ide/tools/bin/../lib/gcc/arm-none-eabi/5.4.1/../../../../arm-none-eabi/lib/armv7e-m/softfp\libcr_c.a(__init_alloc.o)
                0x10000164                __heaps
 .bss.__end_of_heap
                0x10000168        0x4 c:/nxp/mcuxpressoide_10.0.2_411/ide/tools/bin/../lib/gcc/arm-none-eabi/5.4.1/../../../../arm-none-eabi/lib/armv7e-m/softfp\libcr_c.a(__init_alloc.o)
                0x10000168                __end_of_heap
 .bss.__Ciob    0x1000016c      0x1e0 c:/nxp/mcuxpressoide_10.0.2_411/ide/tools/bin/../lib/gcc/arm-none-eabi/5.4.1/../../../../arm-none-eabi/lib/armv7e-m/softfp\libcr_nohost.a(__ciob.o)
                0x1000016c                __Ciob
 *(COMMON)
 COMMON         0x1000034c       0x14 ./example/src/cdc_vcom.o
                0x1000034c                g_vCOM
 COMMON         0x10000360        0x4 C:\Users\user\Documents\MCUXpressoIDE_10.0.2_411\workspace\lpc_chip_40xx\Debug\liblpc_chip_40xx.a(chip_17xx_40xx.o)
                0x10000360                SystemCoreClock
                0x10000364                . = ALIGN (0x4)
                0x10000364                _ebss = .
                [!provide]                PROVIDE (end, .)

.noinit_RAM2    0x20000000        0x0
 *(.noinit.$RAM2*)
 *(.noinit.$RamPeriph32*)
                0x20000000                . = ALIGN (0x4)

.noinit         0x10000364        0x0
                0x10000364                _noinit = .
 *(.noinit*)
                0x10000364                . = ALIGN (0x4)
                0x10000364                _end_noinit = .
                0x10000364                PROVIDE (_pvHeapStart, DEFINED (__user_heap_base)?__user_heap_base:.)
                0x10010000                PROVIDE (_vStackTop, DEFINED (__user_stack_top)?__user_stack_top:(__top_RamLoc64 - 0x0))
                [!provide]                PROVIDE (__valid_user_code_checksum, (0x0 - ((((((_vStackTop + (ResetISR + 0x1)) + (NMI_Handler + 0x1)) + (HardFault_Handler + 0x1)) + (DEFINED (MemManage_Handler)?MemManage_Handler:0x0 + 0x1)) + (DEFINED (BusFault_Handler)?BusFault_Handler:0x0 + 0x1)) + (DEFINED (UsageFault_Handler)?UsageFault_Handler:0x0 + 0x1))))
OUTPUT(usbd_lib_cdc.axf elf32-littlearm)

.debug_info     0x00000000     0xfa99
 .debug_info    0x00000000       0xf3 ./example/src/cdc_desc.o
 .debug_info    0x000000f3     0x19e8 ./example/src/cdc_main.o
 .debug_info    0x00001adb     0x1a74 ./example/src/cdc_vcom.o
 .debug_info    0x0000354f      0x262 ./example/src/cr_startup_lpc40xx.o
 .debug_info    0x000037b1      0x110 ./example/src/sysinit.o
 .debug_info    0x000038c1     0x1be1 C:\Users\user\Documents\MCUXpressoIDE_10.0.2_411\workspace\lpc_board_ea_devkit_4088\Debug\liblpc_board_ea_devkit_4088.a(board.o)
 .debug_info    0x000054a2      0xa1c C:\Users\user\Documents\MCUXpressoIDE_10.0.2_411\workspace\lpc_board_ea_devkit_4088\Debug\liblpc_board_ea_devkit_4088.a(board_sysinit.o)
 .debug_info    0x00005ebe      0x5fa C:\Users\user\Documents\MCUXpressoIDE_10.0.2_411\workspace\lpc_chip_40xx\Debug\liblpc_chip_40xx.a(chip_17xx_40xx.o)
 .debug_info    0x000064b8      0xb85 C:\Users\user\Documents\MCUXpressoIDE_10.0.2_411\workspace\lpc_chip_40xx\Debug\liblpc_chip_40xx.a(clock_17xx_40xx.o)
 .debug_info    0x0000703d      0xc57 C:\Users\user\Documents\MCUXpressoIDE_10.0.2_411\workspace\lpc_chip_40xx\Debug\liblpc_chip_40xx.a(emc_17xx_40xx.o)
 .debug_info    0x00007c94      0x128 C:\Users\user\Documents\MCUXpressoIDE_10.0.2_411\workspace\lpc_chip_40xx\Debug\liblpc_chip_40xx.a(fpu_init.o)
 .debug_info    0x00007dbc      0x1fe C:\Users\user\Documents\MCUXpressoIDE_10.0.2_411\workspace\lpc_chip_40xx\Debug\liblpc_chip_40xx.a(iocon_17xx_40xx.o)
 .debug_info    0x00007fba      0x417 C:\Users\user\Documents\MCUXpressoIDE_10.0.2_411\workspace\lpc_chip_40xx\Debug\liblpc_chip_40xx.a(stopwatch_17xx_40xx.o)
 .debug_info    0x000083d1      0x512 C:\Users\user\Documents\MCUXpressoIDE_10.0.2_411\workspace\lpc_chip_40xx\Debug\liblpc_chip_40xx.a(sysctl_17xx_40xx.o)
 .debug_info    0x000088e3      0x4ec C:\Users\user\Documents\MCUXpressoIDE_10.0.2_411\workspace\lpc_chip_40xx\Debug\liblpc_chip_40xx.a(sysinit_17xx_40xx.o)
 .debug_info    0x00008dcf      0x3f9 C:\Users\user\Documents\MCUXpressoIDE_10.0.2_411\workspace\lpc_chip_40xx\Debug\liblpc_chip_40xx.a(timer_17xx_40xx.o)
 .debug_info    0x000091c8     0x14f8 C:\Users\user\Documents\MCUXpressoIDE_10.0.2_411\workspace\lpc_chip_40xx\libs\libusbd_40xx_lib.a(mw_usbd_rom_api.o)
 .debug_info    0x0000a6c0     0x1f75 C:\Users\user\Documents\MCUXpressoIDE_10.0.2_411\workspace\lpc_chip_40xx\libs\libusbd_40xx_lib.a(hw_usbd_ip3503.o)
 .debug_info    0x0000c635     0x14e4 C:\Users\user\Documents\MCUXpressoIDE_10.0.2_411\workspace\lpc_chip_40xx\libs\libusbd_40xx_lib.a(mw_usbd_cdcuser.o)
 .debug_info    0x0000db19     0x1f80 C:\Users\user\Documents\MCUXpressoIDE_10.0.2_411\workspace\lpc_chip_40xx\libs\libusbd_40xx_lib.a(mw_usbd_core.o)

.debug_abbrev   0x00000000     0x260b
 .debug_abbrev  0x00000000       0x60 ./example/src/cdc_desc.o
 .debug_abbrev  0x00000060      0x2b0 ./example/src/cdc_main.o
 .debug_abbrev  0x00000310      0x29b ./example/src/cdc_vcom.o
 .debug_abbrev  0x000005ab       0xf5 ./example/src/cr_startup_lpc40xx.o
 .debug_abbrev  0x000006a0       0xa3 ./example/src/sysinit.o
 .debug_abbrev  0x00000743      0x338 C:\Users\user\Documents\MCUXpressoIDE_10.0.2_411\workspace\lpc_board_ea_devkit_4088\Debug\liblpc_board_ea_devkit_4088.a(board.o)
 .debug_abbrev  0x00000a7b      0x234 C:\Users\user\Documents\MCUXpressoIDE_10.0.2_411\workspace\lpc_board_ea_devkit_4088\Debug\liblpc_board_ea_devkit_4088.a(board_sysinit.o)
 .debug_abbrev  0x00000caf      0x15e C:\Users\user\Documents\MCUXpressoIDE_10.0.2_411\workspace\lpc_chip_40xx\Debug\liblpc_chip_40xx.a(chip_17xx_40xx.o)
 .debug_abbrev  0x00000e0d      0x2b4 C:\Users\user\Documents\MCUXpressoIDE_10.0.2_411\workspace\lpc_chip_40xx\Debug\liblpc_chip_40xx.a(clock_17xx_40xx.o)
 .debug_abbrev  0x000010c1      0x1fb C:\Users\user\Documents\MCUXpressoIDE_10.0.2_411\workspace\lpc_chip_40xx\Debug\liblpc_chip_40xx.a(emc_17xx_40xx.o)
 .debug_abbrev  0x000012bc       0x84 C:\Users\user\Documents\MCUXpressoIDE_10.0.2_411\workspace\lpc_chip_40xx\Debug\liblpc_chip_40xx.a(fpu_init.o)
 .debug_abbrev  0x00001340      0x122 C:\Users\user\Documents\MCUXpressoIDE_10.0.2_411\workspace\lpc_chip_40xx\Debug\liblpc_chip_40xx.a(iocon_17xx_40xx.o)
 .debug_abbrev  0x00001462      0x191 C:\Users\user\Documents\MCUXpressoIDE_10.0.2_411\workspace\lpc_chip_40xx\Debug\liblpc_chip_40xx.a(stopwatch_17xx_40xx.o)
 .debug_abbrev  0x000015f3      0x14b C:\Users\user\Documents\MCUXpressoIDE_10.0.2_411\workspace\lpc_chip_40xx\Debug\liblpc_chip_40xx.a(sysctl_17xx_40xx.o)
 .debug_abbrev  0x0000173e      0x175 C:\Users\user\Documents\MCUXpressoIDE_10.0.2_411\workspace\lpc_chip_40xx\Debug\liblpc_chip_40xx.a(sysinit_17xx_40xx.o)
 .debug_abbrev  0x000018b3      0x163 C:\Users\user\Documents\MCUXpressoIDE_10.0.2_411\workspace\lpc_chip_40xx\Debug\liblpc_chip_40xx.a(timer_17xx_40xx.o)
 .debug_abbrev  0x00001a16      0x143 C:\Users\user\Documents\MCUXpressoIDE_10.0.2_411\workspace\lpc_chip_40xx\libs\libusbd_40xx_lib.a(mw_usbd_rom_api.o)
 .debug_abbrev  0x00001b59      0x3c7 C:\Users\user\Documents\MCUXpressoIDE_10.0.2_411\workspace\lpc_chip_40xx\libs\libusbd_40xx_lib.a(hw_usbd_ip3503.o)
 .debug_abbrev  0x00001f20      0x2f5 C:\Users\user\Documents\MCUXpressoIDE_10.0.2_411\workspace\lpc_chip_40xx\libs\libusbd_40xx_lib.a(mw_usbd_cdcuser.o)
 .debug_abbrev  0x00002215      0x3f6 C:\Users\user\Documents\MCUXpressoIDE_10.0.2_411\workspace\lpc_chip_40xx\libs\libusbd_40xx_lib.a(mw_usbd_core.o)

.debug_aranges  0x00000000      0x950
 .debug_aranges
                0x00000000       0x18 ./example/src/cdc_desc.o
 .debug_aranges
                0x00000018       0x48 ./example/src/cdc_main.o
 .debug_aranges
                0x00000060       0x68 ./example/src/cdc_vcom.o
 .debug_aranges
                0x000000c8       0x80 ./example/src/cr_startup_lpc40xx.o
 .debug_aranges
                0x00000148       0x20 ./example/src/sysinit.o
 .debug_aranges
                0x00000168      0x1e8 C:\Users\user\Documents\MCUXpressoIDE_10.0.2_411\workspace\lpc_board_ea_devkit_4088\Debug\liblpc_board_ea_devkit_4088.a(board.o)
 .debug_aranges
                0x00000350       0x50 C:\Users\user\Documents\MCUXpressoIDE_10.0.2_411\workspace\lpc_board_ea_devkit_4088\Debug\liblpc_board_ea_devkit_4088.a(board_sysinit.o)
 .debug_aranges
                0x000003a0       0x30 C:\Users\user\Documents\MCUXpressoIDE_10.0.2_411\workspace\lpc_chip_40xx\Debug\liblpc_chip_40xx.a(chip_17xx_40xx.o)
 .debug_aranges
                0x000003d0      0x138 C:\Users\user\Documents\MCUXpressoIDE_10.0.2_411\workspace\lpc_chip_40xx\Debug\liblpc_chip_40xx.a(clock_17xx_40xx.o)
 .debug_aranges
                0x00000508       0x80 C:\Users\user\Documents\MCUXpressoIDE_10.0.2_411\workspace\lpc_chip_40xx\Debug\liblpc_chip_40xx.a(emc_17xx_40xx.o)
 .debug_aranges
                0x00000588       0x20 C:\Users\user\Documents\MCUXpressoIDE_10.0.2_411\workspace\lpc_chip_40xx\Debug\liblpc_chip_40xx.a(fpu_init.o)
 .debug_aranges
                0x000005a8       0x28 C:\Users\user\Documents\MCUXpressoIDE_10.0.2_411\workspace\lpc_chip_40xx\Debug\liblpc_chip_40xx.a(iocon_17xx_40xx.o)
 .debug_aranges
                0x000005d0       0x68 C:\Users\user\Documents\MCUXpressoIDE_10.0.2_411\workspace\lpc_chip_40xx\Debug\liblpc_chip_40xx.a(stopwatch_17xx_40xx.o)
 .debug_aranges
                0x00000638       0x28 C:\Users\user\Documents\MCUXpressoIDE_10.0.2_411\workspace\lpc_chip_40xx\Debug\liblpc_chip_40xx.a(sysctl_17xx_40xx.o)
 .debug_aranges
                0x00000660       0x60 C:\Users\user\Documents\MCUXpressoIDE_10.0.2_411\workspace\lpc_chip_40xx\Debug\liblpc_chip_40xx.a(sysinit_17xx_40xx.o)
 .debug_aranges
                0x000006c0       0x40 C:\Users\user\Documents\MCUXpressoIDE_10.0.2_411\workspace\lpc_chip_40xx\Debug\liblpc_chip_40xx.a(timer_17xx_40xx.o)
 .debug_aranges
                0x00000700       0x18 C:\Users\user\Documents\MCUXpressoIDE_10.0.2_411\workspace\lpc_chip_40xx\libs\libusbd_40xx_lib.a(mw_usbd_rom_api.o)
 .debug_aranges
                0x00000718      0x118 C:\Users\user\Documents\MCUXpressoIDE_10.0.2_411\workspace\lpc_chip_40xx\libs\libusbd_40xx_lib.a(hw_usbd_ip3503.o)
 .debug_aranges
                0x00000830       0x48 C:\Users\user\Documents\MCUXpressoIDE_10.0.2_411\workspace\lpc_chip_40xx\libs\libusbd_40xx_lib.a(mw_usbd_cdcuser.o)
 .debug_aranges
                0x00000878       0xd8 C:\Users\user\Documents\MCUXpressoIDE_10.0.2_411\workspace\lpc_chip_40xx\libs\libusbd_40xx_lib.a(mw_usbd_core.o)

.debug_macro    0x00000000     0x79f7
 .debug_macro   0x00000000       0xf5 ./example/src/cdc_desc.o
 .debug_macro   0x000000f5      0x89e ./example/src/cdc_desc.o
 .debug_macro   0x00000993       0x10 ./example/src/cdc_desc.o
 .debug_macro   0x000009a3      0x12d ./example/src/cdc_desc.o
 .debug_macro   0x00000ad0      0x5b2 ./example/src/cdc_desc.o
 .debug_macro   0x00001082       0x22 ./example/src/cdc_desc.o
 .debug_macro   0x000010a4       0x7b ./example/src/cdc_desc.o
 .debug_macro   0x0000111f       0x18 ./example/src/cdc_desc.o
 .debug_macro   0x00001137      0x26c ./example/src/cdc_desc.o
 .debug_macro   0x000013a3       0x58 ./example/src/cdc_desc.o
 .debug_macro   0x000013fb       0x12 ./example/src/cdc_desc.o
 .debug_macro   0x0000140d       0xfa ./example/src/cdc_desc.o
 .debug_macro   0x00001507       0xee ./example/src/cdc_desc.o
 .debug_macro   0x000015f5      0x693 ./example/src/cdc_desc.o
 .debug_macro   0x00001c88      0x272 ./example/src/cdc_desc.o
 .debug_macro   0x00001efa       0x10 ./example/src/cdc_desc.o
 .debug_macro   0x00001f0a      0x35d ./example/src/cdc_main.o
 .debug_macro   0x00002267       0x16 ./example/src/cdc_main.o
 .debug_macro   0x0000227d       0x2d ./example/src/cdc_main.o
 .debug_macro   0x000022aa       0x3b ./example/src/cdc_main.o
 .debug_macro   0x000022e5       0x2d ./example/src/cdc_main.o
 .debug_macro   0x00002312       0x42 ./example/src/cdc_main.o
 .debug_macro   0x00002354      0xd39 ./example/src/cdc_main.o
 .debug_macro   0x0000308d      0x295 ./example/src/cdc_main.o
 .debug_macro   0x00003322       0x50 ./example/src/cdc_main.o
 .debug_macro   0x00003372       0x34 ./example/src/cdc_main.o
 .debug_macro   0x000033a6      0x152 ./example/src/cdc_main.o
 .debug_macro   0x000034f8       0x82 ./example/src/cdc_main.o
 .debug_macro   0x0000357a      0x48c ./example/src/cdc_main.o
 .debug_macro   0x00003a06      0x12d ./example/src/cdc_main.o
 .debug_macro   0x00003b33       0x6a ./example/src/cdc_main.o
 .debug_macro   0x00003b9d       0x34 ./example/src/cdc_main.o
 .debug_macro   0x00003bd1       0x58 ./example/src/cdc_main.o
 .debug_macro   0x00003c29      0x236 ./example/src/cdc_main.o
 .debug_macro   0x00003e5f      0x4c5 ./example/src/cdc_main.o
 .debug_macro   0x00004324      0x1da ./example/src/cdc_main.o
 .debug_macro   0x000044fe       0x10 ./example/src/cdc_main.o
 .debug_macro   0x0000450e      0x21b ./example/src/cdc_main.o
 .debug_macro   0x00004729      0x1b9 ./example/src/cdc_main.o
 .debug_macro   0x000048e2       0x2e ./example/src/cdc_main.o
 .debug_macro   0x00004910       0x40 ./example/src/cdc_main.o
 .debug_macro   0x00004950      0x209 ./example/src/cdc_main.o
 .debug_macro   0x00004b59      0x2b3 ./example/src/cdc_main.o
 .debug_macro   0x00004e0c      0x34c ./example/src/cdc_main.o
 .debug_macro   0x00005158       0xb2 ./example/src/cdc_main.o
 .debug_macro   0x0000520a       0x16 ./example/src/cdc_main.o
 .debug_macro   0x00005220       0xb8 ./example/src/cdc_main.o
 .debug_macro   0x000052d8       0x4c ./example/src/cdc_main.o
 .debug_macro   0x00005324       0x16 ./example/src/cdc_main.o
 .debug_macro   0x0000533a      0x328 ./example/src/cdc_main.o
 .debug_macro   0x00005662       0x3a ./example/src/cdc_main.o
 .debug_macro   0x0000569c       0x16 ./example/src/cdc_main.o
 .debug_macro   0x000056b2       0xca ./example/src/cdc_main.o
 .debug_macro   0x0000577c       0x16 ./example/src/cdc_main.o
 .debug_macro   0x00005792       0x8e ./example/src/cdc_main.o
 .debug_macro   0x00005820      0x124 ./example/src/cdc_main.o
 .debug_macro   0x00005944       0x72 ./example/src/cdc_main.o
 .debug_macro   0x000059b6       0x9a ./example/src/cdc_main.o
 .debug_macro   0x00005a50       0x20 ./example/src/cdc_main.o
 .debug_macro   0x00005a70       0x2e ./example/src/cdc_main.o
 .debug_macro   0x00005a9e       0x2e ./example/src/cdc_main.o
 .debug_macro   0x00005acc      0x359 ./example/src/cdc_vcom.o
 .debug_macro   0x00005e25       0x74 ./example/src/cdc_vcom.o
 .debug_macro   0x00005e99       0x1d ./example/src/cr_startup_lpc40xx.o
 .debug_macro   0x00005eb6      0x296 ./example/src/sysinit.o
 .debug_macro   0x0000614c      0x3ce C:\Users\user\Documents\MCUXpressoIDE_10.0.2_411\workspace\lpc_board_ea_devkit_4088\Debug\liblpc_board_ea_devkit_4088.a(board.o)
 .debug_macro   0x0000651a       0x12 C:\Users\user\Documents\MCUXpressoIDE_10.0.2_411\workspace\lpc_board_ea_devkit_4088\Debug\liblpc_board_ea_devkit_4088.a(board.o)
 .debug_macro   0x0000652c      0x29c C:\Users\user\Documents\MCUXpressoIDE_10.0.2_411\workspace\lpc_board_ea_devkit_4088\Debug\liblpc_board_ea_devkit_4088.a(board_sysinit.o)
 .debug_macro   0x000067c8      0x22c C:\Users\user\Documents\MCUXpressoIDE_10.0.2_411\workspace\lpc_chip_40xx\Debug\liblpc_chip_40xx.a(chip_17xx_40xx.o)
 .debug_macro   0x000069f4      0x22c C:\Users\user\Documents\MCUXpressoIDE_10.0.2_411\workspace\lpc_chip_40xx\Debug\liblpc_chip_40xx.a(clock_17xx_40xx.o)
 .debug_macro   0x00006c20      0x232 C:\Users\user\Documents\MCUXpressoIDE_10.0.2_411\workspace\lpc_chip_40xx\Debug\liblpc_chip_40xx.a(emc_17xx_40xx.o)
 .debug_macro   0x00006e52       0xbf C:\Users\user\Documents\MCUXpressoIDE_10.0.2_411\workspace\lpc_chip_40xx\Debug\liblpc_chip_40xx.a(fpu_init.o)
 .debug_macro   0x00006f11      0x22c C:\Users\user\Documents\MCUXpressoIDE_10.0.2_411\workspace\lpc_chip_40xx\Debug\liblpc_chip_40xx.a(iocon_17xx_40xx.o)
 .debug_macro   0x0000713d      0x236 C:\Users\user\Documents\MCUXpressoIDE_10.0.2_411\workspace\lpc_chip_40xx\Debug\liblpc_chip_40xx.a(stopwatch_17xx_40xx.o)
 .debug_macro   0x00007373      0x22c C:\Users\user\Documents\MCUXpressoIDE_10.0.2_411\workspace\lpc_chip_40xx\Debug\liblpc_chip_40xx.a(sysctl_17xx_40xx.o)
 .debug_macro   0x0000759f      0x22c C:\Users\user\Documents\MCUXpressoIDE_10.0.2_411\workspace\lpc_chip_40xx\Debug\liblpc_chip_40xx.a(sysinit_17xx_40xx.o)
 .debug_macro   0x000077cb      0x22c C:\Users\user\Documents\MCUXpressoIDE_10.0.2_411\workspace\lpc_chip_40xx\Debug\liblpc_chip_40xx.a(timer_17xx_40xx.o)

.debug_line     0x00000000     0x679c
 .debug_line    0x00000000      0x2d6 ./example/src/cdc_desc.o
 .debug_line    0x000002d6      0x7b5 ./example/src/cdc_main.o
 .debug_line    0x00000a8b      0x80b ./example/src/cdc_vcom.o
 .debug_line    0x00001296       0xe1 ./example/src/cr_startup_lpc40xx.o
 .debug_line    0x00001377      0x57d ./example/src/sysinit.o
 .debug_line    0x000018f4      0xbda C:\Users\user\Documents\MCUXpressoIDE_10.0.2_411\workspace\lpc_board_ea_devkit_4088\Debug\liblpc_board_ea_devkit_4088.a(board.o)
 .debug_line    0x000024ce      0x62e C:\Users\user\Documents\MCUXpressoIDE_10.0.2_411\workspace\lpc_board_ea_devkit_4088\Debug\liblpc_board_ea_devkit_4088.a(board_sysinit.o)
 .debug_line    0x00002afc      0x4d7 C:\Users\user\Documents\MCUXpressoIDE_10.0.2_411\workspace\lpc_chip_40xx\Debug\liblpc_chip_40xx.a(chip_17xx_40xx.o)
 .debug_line    0x00002fd3      0x797 C:\Users\user\Documents\MCUXpressoIDE_10.0.2_411\workspace\lpc_chip_40xx\Debug\liblpc_chip_40xx.a(clock_17xx_40xx.o)
 .debug_line    0x0000376a      0x650 C:\Users\user\Documents\MCUXpressoIDE_10.0.2_411\workspace\lpc_chip_40xx\Debug\liblpc_chip_40xx.a(emc_17xx_40xx.o)
 .debug_line    0x00003dba      0x1f9 C:\Users\user\Documents\MCUXpressoIDE_10.0.2_411\workspace\lpc_chip_40xx\Debug\liblpc_chip_40xx.a(fpu_init.o)
 .debug_line    0x00003fb3      0x4ca C:\Users\user\Documents\MCUXpressoIDE_10.0.2_411\workspace\lpc_chip_40xx\Debug\liblpc_chip_40xx.a(iocon_17xx_40xx.o)
 .debug_line    0x0000447d      0x56c C:\Users\user\Documents\MCUXpressoIDE_10.0.2_411\workspace\lpc_chip_40xx\Debug\liblpc_chip_40xx.a(stopwatch_17xx_40xx.o)
 .debug_line    0x000049e9      0x4bc C:\Users\user\Documents\MCUXpressoIDE_10.0.2_411\workspace\lpc_chip_40xx\Debug\liblpc_chip_40xx.a(sysctl_17xx_40xx.o)
 .debug_line    0x00004ea5      0x566 C:\Users\user\Documents\MCUXpressoIDE_10.0.2_411\workspace\lpc_chip_40xx\Debug\liblpc_chip_40xx.a(sysinit_17xx_40xx.o)
 .debug_line    0x0000540b      0x502 C:\Users\user\Documents\MCUXpressoIDE_10.0.2_411\workspace\lpc_chip_40xx\Debug\liblpc_chip_40xx.a(timer_17xx_40xx.o)
 .debug_line    0x0000590d      0x192 C:\Users\user\Documents\MCUXpressoIDE_10.0.2_411\workspace\lpc_chip_40xx\libs\libusbd_40xx_lib.a(mw_usbd_rom_api.o)
 .debug_line    0x00005a9f      0x545 C:\Users\user\Documents\MCUXpressoIDE_10.0.2_411\workspace\lpc_chip_40xx\libs\libusbd_40xx_lib.a(hw_usbd_ip3503.o)
 .debug_line    0x00005fe4      0x2ff C:\Users\user\Documents\MCUXpressoIDE_10.0.2_411\workspace\lpc_chip_40xx\libs\libusbd_40xx_lib.a(mw_usbd_cdcuser.o)
 .debug_line    0x000062e3      0x4b9 C:\Users\user\Documents\MCUXpressoIDE_10.0.2_411\workspace\lpc_chip_40xx\libs\libusbd_40xx_lib.a(mw_usbd_core.o)

.debug_str      0x00000000    0x201ae
 .debug_str     0x00000000     0x7b7a ./example/src/cdc_desc.o
                               0x7c0b (size before relaxing)
 .debug_str     0x00007b7a    0x145a1 ./example/src/cdc_main.o
                              0x1c48f (size before relaxing)
 .debug_str     0x0001c11b      0x215 ./example/src/cdc_vcom.o
                              0x1c4ad (size before relaxing)
 .debug_str     0x0001c330      0x1d1 ./example/src/cr_startup_lpc40xx.o
                               0x2739 (size before relaxing)
 .debug_str     0x0001c501       0x19 ./example/src/sysinit.o
                              0x16e94 (size before relaxing)
 .debug_str     0x0001c51a     0x1617 C:\Users\user\Documents\MCUXpressoIDE_10.0.2_411\workspace\lpc_board_ea_devkit_4088\Debug\liblpc_board_ea_devkit_4088.a(board.o)
                              0x186f3 (size before relaxing)
 .debug_str     0x0001db31      0x67b C:\Users\user\Documents\MCUXpressoIDE_10.0.2_411\workspace\lpc_board_ea_devkit_4088\Debug\liblpc_board_ea_devkit_4088.a(board_sysinit.o)
                              0x179f8 (size before relaxing)
 .debug_str     0x0001e1ac      0x145 C:\Users\user\Documents\MCUXpressoIDE_10.0.2_411\workspace\lpc_chip_40xx\Debug\liblpc_chip_40xx.a(chip_17xx_40xx.o)
                              0x1686b (size before relaxing)
 .debug_str     0x0001e2f1      0x62b C:\Users\user\Documents\MCUXpressoIDE_10.0.2_411\workspace\lpc_chip_40xx\Debug\liblpc_chip_40xx.a(clock_17xx_40xx.o)
                              0x16cf2 (size before relaxing)
 .debug_str     0x0001e91c      0x4a5 C:\Users\user\Documents\MCUXpressoIDE_10.0.2_411\workspace\lpc_chip_40xx\Debug\liblpc_chip_40xx.a(emc_17xx_40xx.o)
                              0x168a2 (size before relaxing)
 .debug_str     0x0001edc1       0xb5 C:\Users\user\Documents\MCUXpressoIDE_10.0.2_411\workspace\lpc_chip_40xx\Debug\liblpc_chip_40xx.a(fpu_init.o)
                               0x98d7 (size before relaxing)
 .debug_str     0x0001ee76       0x46 C:\Users\user\Documents\MCUXpressoIDE_10.0.2_411\workspace\lpc_chip_40xx\Debug\liblpc_chip_40xx.a(iocon_17xx_40xx.o)
                              0x16202 (size before relaxing)
 .debug_str     0x0001eebc      0x13d C:\Users\user\Documents\MCUXpressoIDE_10.0.2_411\workspace\lpc_chip_40xx\Debug\liblpc_chip_40xx.a(stopwatch_17xx_40xx.o)
                              0x164a2 (size before relaxing)
 .debug_str     0x0001eff9       0x87 C:\Users\user\Documents\MCUXpressoIDE_10.0.2_411\workspace\lpc_chip_40xx\Debug\liblpc_chip_40xx.a(sysctl_17xx_40xx.o)
                              0x165f5 (size before relaxing)
 .debug_str     0x0001f080       0xda C:\Users\user\Documents\MCUXpressoIDE_10.0.2_411\workspace\lpc_chip_40xx\Debug\liblpc_chip_40xx.a(sysinit_17xx_40xx.o)
                              0x164ce (size before relaxing)
 .debug_str     0x0001f15a      0x135 C:\Users\user\Documents\MCUXpressoIDE_10.0.2_411\workspace\lpc_chip_40xx\Debug\liblpc_chip_40xx.a(timer_17xx_40xx.o)
                              0x1657f (size before relaxing)
 .debug_str     0x0001f28f      0x72c C:\Users\user\Documents\MCUXpressoIDE_10.0.2_411\workspace\lpc_chip_40xx\libs\libusbd_40xx_lib.a(mw_usbd_rom_api.o)
                               0x18ed (size before relaxing)
 .debug_str     0x0001f9bb      0x520 C:\Users\user\Documents\MCUXpressoIDE_10.0.2_411\workspace\lpc_chip_40xx\libs\libusbd_40xx_lib.a(hw_usbd_ip3503.o)
                               0x1af0 (size before relaxing)
 .debug_str     0x0001fedb      0x15a C:\Users\user\Documents\MCUXpressoIDE_10.0.2_411\workspace\lpc_chip_40xx\libs\libusbd_40xx_lib.a(mw_usbd_cdcuser.o)
                               0x194e (size before relaxing)
 .debug_str     0x00020035      0x179 C:\Users\user\Documents\MCUXpressoIDE_10.0.2_411\workspace\lpc_chip_40xx\libs\libusbd_40xx_lib.a(mw_usbd_core.o)
                               0x19e5 (size before relaxing)

.comment        0x00000000       0xde
 .comment       0x00000000       0x6e ./example/src/cdc_desc.o
                                 0x6f (size before relaxing)
 .comment       0x0000006e       0x6f ./example/src/cdc_main.o
 .comment       0x0000006e       0x6f ./example/src/cdc_vcom.o
 .comment       0x0000006e       0x6f ./example/src/cr_startup_lpc40xx.o
 .comment       0x0000006e       0x6f ./example/src/sysinit.o
 .comment       0x0000006e       0x6f C:\Users\user\Documents\MCUXpressoIDE_10.0.2_411\workspace\lpc_board_ea_devkit_4088\Debug\liblpc_board_ea_devkit_4088.a(board.o)
 .comment       0x0000006e       0x6f C:\Users\user\Documents\MCUXpressoIDE_10.0.2_411\workspace\lpc_board_ea_devkit_4088\Debug\liblpc_board_ea_devkit_4088.a(board_sysinit.o)
 .comment       0x0000006e       0x6f C:\Users\user\Documents\MCUXpressoIDE_10.0.2_411\workspace\lpc_chip_40xx\Debug\liblpc_chip_40xx.a(chip_17xx_40xx.o)
 .comment       0x0000006e       0x6f C:\Users\user\Documents\MCUXpressoIDE_10.0.2_411\workspace\lpc_chip_40xx\Debug\liblpc_chip_40xx.a(clock_17xx_40xx.o)
 .comment       0x0000006e       0x6f C:\Users\user\Documents\MCUXpressoIDE_10.0.2_411\workspace\lpc_chip_40xx\Debug\liblpc_chip_40xx.a(emc_17xx_40xx.o)
 .comment       0x0000006e       0x6f C:\Users\user\Documents\MCUXpressoIDE_10.0.2_411\workspace\lpc_chip_40xx\Debug\liblpc_chip_40xx.a(fpu_init.o)
 .comment       0x0000006e       0x6f C:\Users\user\Documents\MCUXpressoIDE_10.0.2_411\workspace\lpc_chip_40xx\Debug\liblpc_chip_40xx.a(iocon_17xx_40xx.o)
 .comment       0x0000006e       0x6f C:\Users\user\Documents\MCUXpressoIDE_10.0.2_411\workspace\lpc_chip_40xx\Debug\liblpc_chip_40xx.a(stopwatch_17xx_40xx.o)
 .comment       0x0000006e       0x6f C:\Users\user\Documents\MCUXpressoIDE_10.0.2_411\workspace\lpc_chip_40xx\Debug\liblpc_chip_40xx.a(sysctl_17xx_40xx.o)
 .comment       0x0000006e       0x6f C:\Users\user\Documents\MCUXpressoIDE_10.0.2_411\workspace\lpc_chip_40xx\Debug\liblpc_chip_40xx.a(sysinit_17xx_40xx.o)
 .comment       0x0000006e       0x6f C:\Users\user\Documents\MCUXpressoIDE_10.0.2_411\workspace\lpc_chip_40xx\Debug\liblpc_chip_40xx.a(timer_17xx_40xx.o)
 .comment       0x0000006e       0x70 C:\Users\user\Documents\MCUXpressoIDE_10.0.2_411\workspace\lpc_chip_40xx\libs\libusbd_40xx_lib.a(mw_usbd_rom_api.o)
                                 0x71 (size before relaxing)
 .comment       0x000000de       0x71 C:\Users\user\Documents\MCUXpressoIDE_10.0.2_411\workspace\lpc_chip_40xx\libs\libusbd_40xx_lib.a(hw_usbd_ip3503.o)
 .comment       0x000000de       0x71 C:\Users\user\Documents\MCUXpressoIDE_10.0.2_411\workspace\lpc_chip_40xx\libs\libusbd_40xx_lib.a(mw_usbd_cdcuser.o)
 .comment       0x000000de       0x71 C:\Users\user\Documents\MCUXpressoIDE_10.0.2_411\workspace\lpc_chip_40xx\libs\libusbd_40xx_lib.a(mw_usbd_core.o)
 .comment       0x000000de       0x6f c:/nxp/mcuxpressoide_10.0.2_411/ide/tools/bin/../lib/gcc/arm-none-eabi/5.4.1/../../../../arm-none-eabi/lib/armv7e-m/softfp\libcr_nohost.a(_cr__main.o)
 .comment       0x000000de       0x6f c:/nxp/mcuxpressoide_10.0.2_411/ide/tools/bin/../lib/gcc/arm-none-eabi/5.4.1/../../../../arm-none-eabi/lib/armv7e-m/softfp\libcr_c.a(memcpy.o)
 .comment       0x000000de       0x6f c:/nxp/mcuxpressoide_10.0.2_411/ide/tools/bin/../lib/gcc/arm-none-eabi/5.4.1/../../../../arm-none-eabi/lib/armv7e-m/softfp\libcr_c.a(memset.o)
 .comment       0x000000de       0x6f c:/nxp/mcuxpressoide_10.0.2_411/ide/tools/bin/../lib/gcc/arm-none-eabi/5.4.1/../../../../arm-none-eabi/lib/armv7e-m/softfp\libcr_c.a(fpprintf.o)
 .comment       0x000000de       0x6f c:/nxp/mcuxpressoide_10.0.2_411/ide/tools/bin/../lib/gcc/arm-none-eabi/5.4.1/../../../../arm-none-eabi/lib/armv7e-m/softfp\libcr_c.a(initio.o)
 .comment       0x000000de       0x6f c:/nxp/mcuxpressoide_10.0.2_411/ide/tools/bin/../lib/gcc/arm-none-eabi/5.4.1/../../../../arm-none-eabi/lib/armv7e-m/softfp\libcr_c.a(printf.o)
 .comment       0x000000de       0x6f c:/nxp/mcuxpressoide_10.0.2_411/ide/tools/bin/../lib/gcc/arm-none-eabi/5.4.1/../../../../arm-none-eabi/lib/armv7e-m/softfp\libcr_c.a(setvbuf.o)
 .comment       0x000000de       0x6f c:/nxp/mcuxpressoide_10.0.2_411/ide/tools/bin/../lib/gcc/arm-none-eabi/5.4.1/../../../../arm-none-eabi/lib/armv7e-m/softfp\libcr_c.a(strlen.o)
 .comment       0x000000de       0x6f c:/nxp/mcuxpressoide_10.0.2_411/ide/tools/bin/../lib/gcc/arm-none-eabi/5.4.1/../../../../arm-none-eabi/lib/armv7e-m/softfp\libcr_c.a(_deferredlazyseek.o)
 .comment       0x000000de       0x6f c:/nxp/mcuxpressoide_10.0.2_411/ide/tools/bin/../lib/gcc/arm-none-eabi/5.4.1/../../../../arm-none-eabi/lib/armv7e-m/softfp\libcr_c.a(_fdopen.o)
 .comment       0x000000de       0x6f c:/nxp/mcuxpressoide_10.0.2_411/ide/tools/bin/../lib/gcc/arm-none-eabi/5.4.1/../../../../arm-none-eabi/lib/armv7e-m/softfp\libcr_c.a(_fflush.o)
 .comment       0x000000de       0x6f c:/nxp/mcuxpressoide_10.0.2_411/ide/tools/bin/../lib/gcc/arm-none-eabi/5.4.1/../../../../arm-none-eabi/lib/armv7e-m/softfp\libcr_c.a(_frexpl.o)
 .comment       0x000000de       0x6f c:/nxp/mcuxpressoide_10.0.2_411/ide/tools/bin/../lib/gcc/arm-none-eabi/5.4.1/../../../../arm-none-eabi/lib/armv7e-m/softfp\libcr_c.a(_ldexpl.o)
 .comment       0x000000de       0x6f c:/nxp/mcuxpressoide_10.0.2_411/ide/tools/bin/../lib/gcc/arm-none-eabi/5.4.1/../../../../arm-none-eabi/lib/armv7e-m/softfp\libcr_c.a(_writebuf.o)
 .comment       0x000000de       0x6f c:/nxp/mcuxpressoide_10.0.2_411/ide/tools/bin/../lib/gcc/arm-none-eabi/5.4.1/../../../../arm-none-eabi/lib/armv7e-m/softfp\libcr_c.a(alloc.o)
 .comment       0x000000de       0x6f c:/nxp/mcuxpressoide_10.0.2_411/ide/tools/bin/../lib/gcc/arm-none-eabi/5.4.1/../../../../arm-none-eabi/lib/armv7e-m/softfp\libcr_c.a(errno.o)
 .comment       0x000000de       0x6f c:/nxp/mcuxpressoide_10.0.2_411/ide/tools/bin/../lib/gcc/arm-none-eabi/5.4.1/../../../../arm-none-eabi/lib/armv7e-m/softfp\libcr_c.a(fclose.o)
 .comment       0x000000de       0x6f c:/nxp/mcuxpressoide_10.0.2_411/ide/tools/bin/../lib/gcc/arm-none-eabi/5.4.1/../../../../arm-none-eabi/lib/armv7e-m/softfp\libcr_c.a(fflush.o)
 .comment       0x000000de       0x6f c:/nxp/mcuxpressoide_10.0.2_411/ide/tools/bin/../lib/gcc/arm-none-eabi/5.4.1/../../../../arm-none-eabi/lib/armv7e-m/softfp\libcr_c.a(fseek.o)
 .comment       0x000000de       0x6f c:/nxp/mcuxpressoide_10.0.2_411/ide/tools/bin/../lib/gcc/arm-none-eabi/5.4.1/../../../../arm-none-eabi/lib/armv7e-m/softfp\libcr_c.a(ftell.o)
 .comment       0x000000de       0x6f c:/nxp/mcuxpressoide_10.0.2_411/ide/tools/bin/../lib/gcc/arm-none-eabi/5.4.1/../../../../arm-none-eabi/lib/armv7e-m/softfp\libcr_c.a(remove.o)
 .comment       0x000000de       0x6f c:/nxp/mcuxpressoide_10.0.2_411/ide/tools/bin/../lib/gcc/arm-none-eabi/5.4.1/../../../../arm-none-eabi/lib/armv7e-m/softfp\libcr_c.a(__init_alloc.o)
 .comment       0x000000de       0x6f c:/nxp/mcuxpressoide_10.0.2_411/ide/tools/bin/../lib/gcc/arm-none-eabi/5.4.1/../../../../arm-none-eabi/lib/armv7e-m/softfp\libcr_c.a(_cr_sbrk.o)
 .comment       0x000000de       0x6f c:/nxp/mcuxpressoide_10.0.2_411/ide/tools/bin/../lib/gcc/arm-none-eabi/5.4.1/../../../../arm-none-eabi/lib/armv7e-m/softfp\libcr_c.a(_do_fflush.o)
 .comment       0x000000de       0x6f c:/nxp/mcuxpressoide_10.0.2_411/ide/tools/bin/../lib/gcc/arm-none-eabi/5.4.1/../../../../arm-none-eabi/lib/armv7e-m/softfp\libcr_c.a(_hugeval.o)
 .comment       0x000000de       0x6f c:/nxp/mcuxpressoide_10.0.2_411/ide/tools/bin/../lib/gcc/arm-none-eabi/5.4.1/../../../../arm-none-eabi/lib/armv7e-m/softfp\libcr_c.a(_cr_check_heap.o)
 .comment       0x000000de       0x6f c:/nxp/mcuxpressoide_10.0.2_411/ide/tools/bin/../lib/gcc/arm-none-eabi/5.4.1/armv7e-m/softfp\libcr_eabihelpers.a(double.o)
 .comment       0x000000de       0x6f c:/nxp/mcuxpressoide_10.0.2_411/ide/tools/bin/../lib/gcc/arm-none-eabi/5.4.1/../../../../arm-none-eabi/lib/armv7e-m/softfp\libcr_nohost.a(__ciob.o)
 .comment       0x000000de       0x6f c:/nxp/mcuxpressoide_10.0.2_411/ide/tools/bin/../lib/gcc/arm-none-eabi/5.4.1/../../../../arm-none-eabi/lib/armv7e-m/softfp\libcr_nohost.a(__sys_appexit.o)
 .comment       0x000000de       0x6f c:/nxp/mcuxpressoide_10.0.2_411/ide/tools/bin/../lib/gcc/arm-none-eabi/5.4.1/../../../../arm-none-eabi/lib/armv7e-m/softfp\libcr_nohost.a(__sys_close.o)
 .comment       0x000000de       0x6f c:/nxp/mcuxpressoide_10.0.2_411/ide/tools/bin/../lib/gcc/arm-none-eabi/5.4.1/../../../../arm-none-eabi/lib/armv7e-m/softfp\libcr_nohost.a(__sys_flen.o)
 .comment       0x000000de       0x6f c:/nxp/mcuxpressoide_10.0.2_411/ide/tools/bin/../lib/gcc/arm-none-eabi/5.4.1/../../../../arm-none-eabi/lib/armv7e-m/softfp\libcr_nohost.a(__sys_istty.o)
 .comment       0x000000de       0x6f c:/nxp/mcuxpressoide_10.0.2_411/ide/tools/bin/../lib/gcc/arm-none-eabi/5.4.1/../../../../arm-none-eabi/lib/armv7e-m/softfp\libcr_nohost.a(__sys_remove.o)
 .comment       0x000000de       0x6f c:/nxp/mcuxpressoide_10.0.2_411/ide/tools/bin/../lib/gcc/arm-none-eabi/5.4.1/../../../../arm-none-eabi/lib/armv7e-m/softfp\libcr_nohost.a(__sys_seek.o)
 .comment       0x000000de       0x6f c:/nxp/mcuxpressoide_10.0.2_411/ide/tools/bin/../lib/gcc/arm-none-eabi/5.4.1/../../../../arm-none-eabi/lib/armv7e-m/softfp\libcr_nohost.a(__sys_tmpnam.o)
 .comment       0x000000de       0x6f c:/nxp/mcuxpressoide_10.0.2_411/ide/tools/bin/../lib/gcc/arm-none-eabi/5.4.1/../../../../arm-none-eabi/lib/armv7e-m/softfp\libcr_nohost.a(__sys_write.o)

.ARM.attributes
                0x00000000       0x33
 .ARM.attributes
                0x00000000       0x37 ./example/src/cdc_desc.o
 .ARM.attributes
                0x00000037       0x37 ./example/src/cdc_main.o
 .ARM.attributes
                0x0000006e       0x37 ./example/src/cdc_vcom.o
 .ARM.attributes
                0x000000a5       0x37 ./example/src/cr_startup_lpc40xx.o
 .ARM.attributes
                0x000000dc       0x37 ./example/src/sysinit.o
 .ARM.attributes
                0x00000113       0x37 C:\Users\user\Documents\MCUXpressoIDE_10.0.2_411\workspace\lpc_board_ea_devkit_4088\Debug\liblpc_board_ea_devkit_4088.a(board.o)
 .ARM.attributes
                0x0000014a       0x37 C:\Users\user\Documents\MCUXpressoIDE_10.0.2_411\workspace\lpc_board_ea_devkit_4088\Debug\liblpc_board_ea_devkit_4088.a(board_sysinit.o)
 .ARM.attributes
                0x00000181       0x37 C:\Users\user\Documents\MCUXpressoIDE_10.0.2_411\workspace\lpc_chip_40xx\Debug\liblpc_chip_40xx.a(chip_17xx_40xx.o)
 .ARM.attributes
                0x000001b8       0x37 C:\Users\user\Documents\MCUXpressoIDE_10.0.2_411\workspace\lpc_chip_40xx\Debug\liblpc_chip_40xx.a(clock_17xx_40xx.o)
 .ARM.attributes
                0x000001ef       0x37 C:\Users\user\Documents\MCUXpressoIDE_10.0.2_411\workspace\lpc_chip_40xx\Debug\liblpc_chip_40xx.a(emc_17xx_40xx.o)
 .ARM.attributes
                0x00000226       0x37 C:\Users\user\Documents\MCUXpressoIDE_10.0.2_411\workspace\lpc_chip_40xx\Debug\liblpc_chip_40xx.a(fpu_init.o)
 .ARM.attributes
                0x0000025d       0x37 C:\Users\user\Documents\MCUXpressoIDE_10.0.2_411\workspace\lpc_chip_40xx\Debug\liblpc_chip_40xx.a(iocon_17xx_40xx.o)
 .ARM.attributes
                0x00000294       0x37 C:\Users\user\Documents\MCUXpressoIDE_10.0.2_411\workspace\lpc_chip_40xx\Debug\liblpc_chip_40xx.a(stopwatch_17xx_40xx.o)
 .ARM.attributes
                0x000002cb       0x37 C:\Users\user\Documents\MCUXpressoIDE_10.0.2_411\workspace\lpc_chip_40xx\Debug\liblpc_chip_40xx.a(sysctl_17xx_40xx.o)
 .ARM.attributes
                0x00000302       0x37 C:\Users\user\Documents\MCUXpressoIDE_10.0.2_411\workspace\lpc_chip_40xx\Debug\liblpc_chip_40xx.a(sysinit_17xx_40xx.o)
 .ARM.attributes
                0x00000339       0x37 C:\Users\user\Documents\MCUXpressoIDE_10.0.2_411\workspace\lpc_chip_40xx\Debug\liblpc_chip_40xx.a(timer_17xx_40xx.o)
 .ARM.attributes
                0x00000370       0x37 C:\Users\user\Documents\MCUXpressoIDE_10.0.2_411\workspace\lpc_chip_40xx\libs\libusbd_40xx_lib.a(mw_usbd_rom_api.o)
 .ARM.attributes
                0x000003a7       0x37 C:\Users\user\Documents\MCUXpressoIDE_10.0.2_411\workspace\lpc_chip_40xx\libs\libusbd_40xx_lib.a(hw_usbd_ip3503.o)
 .ARM.attributes
                0x000003de       0x37 C:\Users\user\Documents\MCUXpressoIDE_10.0.2_411\workspace\lpc_chip_40xx\libs\libusbd_40xx_lib.a(mw_usbd_cdcuser.o)
 .ARM.attributes
                0x00000415       0x37 C:\Users\user\Documents\MCUXpressoIDE_10.0.2_411\workspace\lpc_chip_40xx\libs\libusbd_40xx_lib.a(mw_usbd_core.o)
 .ARM.attributes
                0x0000044c       0x37 c:/nxp/mcuxpressoide_10.0.2_411/ide/tools/bin/../lib/gcc/arm-none-eabi/5.4.1/../../../../arm-none-eabi/lib/armv7e-m/softfp\libcr_nohost.a(_cr__main.o)
 .ARM.attributes
                0x00000483       0x37 c:/nxp/mcuxpressoide_10.0.2_411/ide/tools/bin/../lib/gcc/arm-none-eabi/5.4.1/../../../../arm-none-eabi/lib/armv7e-m/softfp\libcr_c.a(memcpy.o)
 .ARM.attributes
                0x000004ba       0x37 c:/nxp/mcuxpressoide_10.0.2_411/ide/tools/bin/../lib/gcc/arm-none-eabi/5.4.1/../../../../arm-none-eabi/lib/armv7e-m/softfp\libcr_c.a(memset.o)
 .ARM.attributes
                0x000004f1       0x37 c:/nxp/mcuxpressoide_10.0.2_411/ide/tools/bin/../lib/gcc/arm-none-eabi/5.4.1/../../../../arm-none-eabi/lib/armv7e-m/softfp\libcr_c.a(fpprintf.o)
 .ARM.attributes
                0x00000528       0x37 c:/nxp/mcuxpressoide_10.0.2_411/ide/tools/bin/../lib/gcc/arm-none-eabi/5.4.1/../../../../arm-none-eabi/lib/armv7e-m/softfp\libcr_c.a(initio.o)
 .ARM.attributes
                0x0000055f       0x37 c:/nxp/mcuxpressoide_10.0.2_411/ide/tools/bin/../lib/gcc/arm-none-eabi/5.4.1/../../../../arm-none-eabi/lib/armv7e-m/softfp\libcr_c.a(printf.o)
 .ARM.attributes
                0x00000596       0x37 c:/nxp/mcuxpressoide_10.0.2_411/ide/tools/bin/../lib/gcc/arm-none-eabi/5.4.1/../../../../arm-none-eabi/lib/armv7e-m/softfp\libcr_c.a(setvbuf.o)
 .ARM.attributes
                0x000005cd       0x37 c:/nxp/mcuxpressoide_10.0.2_411/ide/tools/bin/../lib/gcc/arm-none-eabi/5.4.1/../../../../arm-none-eabi/lib/armv7e-m/softfp\libcr_c.a(strlen.o)
 .ARM.attributes